2018-07-31 17:33:06,220 - Utils.log_utils - WARNING - Traceback (most recent call last):
  File "F:/scribe2/Client/Auto_Update.py", line 32, in test_ok
    timeout=10)
  File "F:\scribe2\Client\venv\lib\site-packages\requests\api.py", line 72, in get
    return request('get', url, params=params, **kwargs)
  File "F:\scribe2\Client\venv\lib\site-packages\requests\api.py", line 58, in request
    return session.request(method=method, url=url, **kwargs)
  File "F:\scribe2\Client\venv\lib\site-packages\requests\sessions.py", line 512, in request
    resp = self.send(prep, **send_kwargs)
  File "F:\scribe2\Client\venv\lib\site-packages\requests\sessions.py", line 622, in send
    r = adapter.send(request, **kwargs)
  File "F:\scribe2\Client\venv\lib\site-packages\requests\adapters.py", line 410, in send
    conn = self.get_connection(request.url, proxies)
  File "F:\scribe2\Client\venv\lib\site-packages\requests\adapters.py", line 308, in get_connection
    proxy_manager = self.proxy_manager_for(proxy)
  File "F:\scribe2\Client\venv\lib\site-packages\requests\adapters.py", line 188, in proxy_manager_for
    **proxy_kwargs
  File "F:\scribe2\Client\venv\lib\site-packages\requests\adapters.py", line 45, in SOCKSProxyManager
    raise InvalidSchema("Missing dependencies for SOCKS support.")
requests.exceptions.InvalidSchema: Missing dependencies for SOCKS support.

2018-08-09 11:56:15,493 - Utils.log_utils - WARNING - Traceback (most recent call last):
  File "F:/scribe2/Client/Auto_Update.py", line 64, in test_ok
    with open(self.proxy_filt_path,'r+') as frw:
OSError: [Errno 22] Invalid argument: 'D:/Privoxy/config.txt\n'

2018-08-17 17:31:42,077 - __main__ - ERROR - Traceback (most recent call last):
  File "F:/scribe2/Client/app.py", line 21, in <module>
    ip_port_list = au.get_useful_ip_port_from_server(reason)
  File "F:/scribe2/Client\Service\ProxyService.py", line 118, in get_useful_ip_port_from_server
    raise exception_utils.ServerErrorException(resp.content.decode('utf-8'))
Utils.exception_utils.ServerErrorException: 服务器出错，请联系管理员，请求id是：58e96e6c-a200-11e8-b5e4-005056c00008

2018-08-17 17:35:39,523 - __main__ - ERROR - Traceback (most recent call last):
  File "F:/scribe2/Client/app.py", line 21, in <module>
    ip_port_list = au.get_useful_ip_port_from_server(reason)
  File "F:/scribe2/Client\Service\ProxyService.py", line 118, in get_useful_ip_port_from_server
    raise exception_utils.ServerErrorException(resp.content.decode('utf-8'))
Utils.exception_utils.ServerErrorException: 服务器出错，请联系管理员，请求id是：b20d8f8a-a200-11e8-8d0a-005056c00008

2018-08-28 13:47:44,755 - __main__ - INFO - ok----------------1
2018-08-28 13:57:52,298 - __main__ - INFO - ok----------------2
2018-08-28 14:07:57,570 - __main__ - INFO - ok----------------3
2018-08-28 14:18:01,740 - __main__ - INFO - ok----------------4
2018-08-28 14:28:12,318 - __main__ - INFO - ok----------------5
2018-08-28 14:38:16,662 - __main__ - INFO - ok----------------6
2018-08-28 14:48:21,845 - __main__ - INFO - ok----------------7
2018-08-28 14:58:26,444 - __main__ - INFO - ok----------------8
2018-08-28 15:17:01,595 - __main__ - INFO - ok----------------1
2018-08-29 16:56:07,728 - __main__ - ERROR - Traceback (most recent call last):
  File "F:/scribe2/Client/app.py", line 26, in <module>
    ip_port_list = au.get_useful_ip_port_from_server(reason)
  File "F:/scribe2/Client\Service\ProxyService.py", line 117, in get_useful_ip_port_from_server
    raise exception_utils.ServerErrorException(resp.content.decode('utf-8'))
Utils.exception_utils.ServerErrorException: 服务器出错，请联系管理员，请求id是：5d9f7074-ab69-11e8-bfc9-005056c00008

2018-08-29 16:56:07,753 - __main__ - INFO - ok----------------1
2018-08-29 17:14:11,619 - __main__ - INFO - ok----------------1
2018-08-29 17:16:43,839 - __main__ - INFO - ok----------------1
2018-08-29 17:26:48,588 - __main__ - INFO - ok----------------2
2018-08-29 17:36:51,786 - __main__ - INFO - ok----------------3
2018-08-29 17:46:55,717 - __main__ - INFO - ok----------------4
2018-08-29 17:56:59,921 - __main__ - INFO - ok----------------5
2018-08-29 18:07:03,242 - __main__ - INFO - ok----------------6
2018-08-29 18:17:06,520 - __main__ - INFO - ok----------------7
2018-08-29 18:27:40,878 - __main__ - INFO - ok----------------8
2018-08-29 18:37:48,407 - __main__ - INFO - ok----------------9
2018-08-30 09:19:40,295 - __main__ - INFO - ok----------------1
2018-08-30 09:29:47,148 - __main__ - INFO - ok----------------2
2018-08-30 09:39:59,562 - __main__ - INFO - ok----------------3
2018-08-30 09:50:12,367 - __main__ - INFO - ok----------------4
2018-08-30 10:00:19,273 - __main__ - INFO - ok----------------5
2018-08-30 10:10:33,616 - __main__ - INFO - ok----------------6
2018-08-30 10:20:47,750 - __main__ - INFO - ok----------------7
2018-08-30 10:31:10,128 - __main__ - INFO - ok----------------8
2018-08-30 10:41:20,616 - __main__ - INFO - ok----------------9
2018-08-30 10:51:30,235 - __main__ - INFO - ok----------------10
2018-08-30 11:02:01,693 - __main__ - INFO - ok----------------11
2018-08-30 11:12:50,627 - __main__ - INFO - ok----------------12
2018-08-30 11:23:03,532 - __main__ - INFO - ok----------------13
2018-08-30 11:33:45,308 - __main__ - INFO - ok----------------14
2018-08-30 11:43:49,724 - __main__ - INFO - ok----------------15
2018-08-30 11:53:53,140 - __main__ - INFO - ok----------------16
2018-08-30 14:52:51,089 - __main__ - INFO - ok----------------1
2018-08-30 15:03:23,737 - __main__ - INFO - ok----------------2
2018-08-30 15:39:15,831 - __main__ - INFO - ok----------------3
2018-08-30 15:56:39,151 - __main__ - INFO - ok----------------1
2018-08-30 16:06:56,229 - __main__ - INFO - ok----------------2
2018-08-30 16:18:30,708 - __main__ - INFO - ok----------------3
2018-08-30 16:28:37,364 - __main__ - INFO - ok----------------4
2018-08-30 16:39:13,751 - __main__ - INFO - ok----------------5
2018-08-30 16:49:35,314 - __main__ - INFO - ok----------------6
2018-08-30 17:00:09,573 - __main__ - INFO - ok----------------7
2018-08-30 17:10:33,138 - __main__ - INFO - ok----------------8
2018-08-30 17:20:46,808 - __main__ - INFO - ok----------------9
2018-08-30 17:31:02,790 - __main__ - INFO - ok----------------10
2018-08-30 17:41:18,814 - __main__ - INFO - ok----------------11
2018-08-30 17:51:26,274 - __main__ - INFO - ok----------------12
2018-08-30 18:01:46,681 - __main__ - INFO - ok----------------13
2018-08-30 18:12:40,295 - __main__ - INFO - ok----------------14
2018-08-30 18:23:12,045 - __main__ - INFO - ok----------------15
2018-08-30 18:33:23,628 - __main__ - INFO - ok----------------16
2018-08-30 18:43:32,967 - __main__ - INFO - ok----------------17
2018-08-30 18:53:37,349 - __main__ - INFO - ok----------------18
2018-08-30 19:03:41,617 - __main__ - INFO - ok----------------19
2018-08-30 19:13:48,990 - __main__ - INFO - ok----------------20
2018-08-30 19:23:57,973 - __main__ - INFO - ok----------------21
2018-08-30 19:34:03,245 - __main__ - INFO - ok----------------22
2018-08-30 19:44:07,764 - __main__ - INFO - ok----------------23
2018-08-30 19:54:11,786 - __main__ - INFO - ok----------------24
2018-08-30 20:04:38,120 - __main__ - INFO - ok----------------25
2018-08-30 20:14:56,049 - __main__ - INFO - ok----------------26
2018-08-30 20:25:32,966 - __main__ - INFO - ok----------------27
2018-08-30 20:35:46,939 - __main__ - INFO - ok----------------28
2018-08-30 20:45:54,670 - __main__ - INFO - ok----------------29
2018-08-30 20:56:05,245 - __main__ - INFO - ok----------------30
2018-08-30 21:06:25,936 - __main__ - INFO - ok----------------31
2018-08-30 21:16:41,052 - __main__ - INFO - ok----------------32
2018-08-30 21:27:17,612 - Utils.log_utils - WARNING - Traceback (most recent call last):
  File "F:\scribe2\Client\venv\lib\site-packages\urllib3\connectionpool.py", line 343, in _make_request
    self._validate_conn(conn)
  File "F:\scribe2\Client\venv\lib\site-packages\urllib3\connectionpool.py", line 849, in _validate_conn
    conn.connect()
  File "F:\scribe2\Client\venv\lib\site-packages\urllib3\connection.py", line 356, in connect
    ssl_context=context)
  File "F:\scribe2\Client\venv\lib\site-packages\urllib3\util\ssl_.py", line 359, in ssl_wrap_socket
    return context.wrap_socket(sock, server_hostname=server_hostname)
  File "C:\Users\Administrator\AppData\Local\Programs\Python\Python36\lib\ssl.py", line 407, in wrap_socket
    _context=self, _session=session)
  File "C:\Users\Administrator\AppData\Local\Programs\Python\Python36\lib\ssl.py", line 814, in __init__
    self.do_handshake()
  File "C:\Users\Administrator\AppData\Local\Programs\Python\Python36\lib\ssl.py", line 1068, in do_handshake
    self._sslobj.do_handshake()
  File "C:\Users\Administrator\AppData\Local\Programs\Python\Python36\lib\ssl.py", line 689, in do_handshake
    self._sslobj.do_handshake()
socket.timeout: _ssl.c:761: The handshake operation timed out

During handling of the above exception, another exception occurred:

Traceback (most recent call last):
  File "F:\scribe2\Client\venv\lib\site-packages\requests\adapters.py", line 445, in send
    timeout=timeout
  File "F:\scribe2\Client\venv\lib\site-packages\urllib3\connectionpool.py", line 638, in urlopen
    _stacktrace=sys.exc_info()[2])
  File "F:\scribe2\Client\venv\lib\site-packages\urllib3\util\retry.py", line 367, in increment
    raise six.reraise(type(error), error, _stacktrace)
  File "F:\scribe2\Client\venv\lib\site-packages\urllib3\packages\six.py", line 686, in reraise
    raise value
  File "F:\scribe2\Client\venv\lib\site-packages\urllib3\connectionpool.py", line 600, in urlopen
    chunked=chunked)
  File "F:\scribe2\Client\venv\lib\site-packages\urllib3\connectionpool.py", line 346, in _make_request
    self._raise_timeout(err=e, url=url, timeout_value=conn.timeout)
  File "F:\scribe2\Client\venv\lib\site-packages\urllib3\connectionpool.py", line 306, in _raise_timeout
    raise ReadTimeoutError(self, url, "Read timed out. (read timeout=%s)" % timeout_value)
urllib3.exceptions.ReadTimeoutError: SOCKSHTTPSConnectionPool(host='www.google.com', port=443): Read timed out. (read timeout=10)

During handling of the above exception, another exception occurred:

Traceback (most recent call last):
  File "F:/scribe2/Client\Service\ProxyService.py", line 94, in test_ok
    timeout=10)
  File "F:\scribe2\Client\venv\lib\site-packages\requests\api.py", line 72, in get
    return request('get', url, params=params, **kwargs)
  File "F:\scribe2\Client\venv\lib\site-packages\requests\api.py", line 58, in request
    return session.request(method=method, url=url, **kwargs)
  File "F:\scribe2\Client\venv\lib\site-packages\requests\sessions.py", line 512, in request
    resp = self.send(prep, **send_kwargs)
  File "F:\scribe2\Client\venv\lib\site-packages\requests\sessions.py", line 622, in send
    r = adapter.send(request, **kwargs)
  File "F:\scribe2\Client\venv\lib\site-packages\requests\adapters.py", line 526, in send
    raise ReadTimeout(e, request=request)
requests.exceptions.ReadTimeout: SOCKSHTTPSConnectionPool(host='www.google.com', port=443): Read timed out. (read timeout=10)

2018-08-30 21:28:38,165 - __main__ - INFO - ok----------------33
2018-08-30 21:38:43,936 - __main__ - INFO - ok----------------34
2018-08-30 21:48:55,577 - __main__ - INFO - ok----------------35
2018-08-30 21:59:06,353 - __main__ - INFO - ok----------------36
2018-08-30 22:09:17,149 - __main__ - INFO - ok----------------37
2018-08-30 22:19:55,953 - __main__ - INFO - ok----------------38
2018-08-30 22:30:05,967 - __main__ - INFO - ok----------------39
2018-08-30 22:40:31,826 - __main__ - INFO - ok----------------40
2018-08-30 22:50:43,022 - __main__ - INFO - ok----------------41
2018-08-30 23:01:33,923 - __main__ - INFO - ok----------------42
2018-08-30 23:11:51,870 - __main__ - INFO - ok----------------43
2018-08-30 23:21:57,607 - __main__ - INFO - ok----------------44
2018-08-30 23:32:14,556 - __main__ - INFO - ok----------------45
2018-08-30 23:42:32,632 - __main__ - INFO - ok----------------46
2018-08-30 23:53:22,085 - __main__ - INFO - ok----------------47
2018-08-31 00:03:37,894 - __main__ - INFO - ok----------------48
2018-08-31 00:13:42,831 - __main__ - INFO - ok----------------49
2018-08-31 00:23:50,817 - __main__ - INFO - ok----------------50
2018-08-31 00:34:07,192 - __main__ - INFO - ok----------------51
2018-08-31 00:44:12,542 - __main__ - INFO - ok----------------52
2018-08-31 00:54:17,598 - __main__ - INFO - ok----------------53
2018-08-31 01:04:36,955 - __main__ - INFO - ok----------------54
2018-08-31 01:14:46,649 - __main__ - INFO - ok----------------55
2018-08-31 01:25:01,517 - __main__ - INFO - ok----------------56
2018-08-31 01:35:28,482 - __main__ - INFO - ok----------------57
2018-08-31 01:45:33,150 - __main__ - INFO - ok----------------58
2018-08-31 01:55:39,788 - __main__ - INFO - ok----------------59
2018-08-31 02:05:55,223 - __main__ - INFO - ok----------------60
2018-08-31 02:16:11,389 - __main__ - INFO - ok----------------61
2018-08-31 02:26:47,558 - __main__ - INFO - ok----------------62
2018-08-31 02:37:01,666 - __main__ - INFO - ok----------------63
2018-08-31 02:47:07,155 - __main__ - INFO - ok----------------64
2018-08-31 02:57:12,195 - __main__ - INFO - ok----------------65
2018-08-31 03:07:17,834 - __main__ - INFO - ok----------------66
2018-08-31 03:17:25,739 - __main__ - INFO - ok----------------67
2018-08-31 03:27:30,464 - __main__ - INFO - ok----------------68
2018-08-31 03:37:40,618 - __main__ - INFO - ok----------------69
2018-08-31 03:47:45,693 - __main__ - INFO - ok----------------70
2018-08-31 03:57:52,836 - __main__ - INFO - ok----------------71
2018-08-31 04:08:00,960 - __main__ - INFO - ok----------------72
2018-08-31 04:18:06,726 - __main__ - INFO - ok----------------73
2018-08-31 04:28:45,892 - __main__ - INFO - ok----------------74
2018-08-31 04:38:54,888 - __main__ - INFO - ok----------------75
2018-08-31 04:49:31,318 - __main__ - INFO - ok----------------76
2018-08-31 04:59:44,751 - __main__ - INFO - ok----------------77
2018-08-31 05:09:50,185 - __main__ - INFO - ok----------------78
2018-08-31 05:20:07,844 - __main__ - INFO - ok----------------79
2018-08-31 05:30:13,723 - __main__ - INFO - ok----------------80
2018-08-31 05:40:58,143 - __main__ - INFO - ok----------------81
2018-08-31 05:51:06,758 - __main__ - INFO - ok----------------82
2018-08-31 06:01:28,138 - __main__ - INFO - ok----------------83
2018-08-31 06:11:36,428 - __main__ - INFO - ok----------------84
2018-08-31 06:22:01,017 - __main__ - INFO - ok----------------85
2018-08-31 06:32:31,095 - __main__ - INFO - ok----------------86
2018-08-31 06:42:48,614 - __main__ - INFO - ok----------------87
2018-08-31 06:52:55,609 - __main__ - INFO - ok----------------88
2018-08-31 07:02:59,342 - __main__ - INFO - ok----------------89
2018-08-31 07:13:09,078 - __main__ - INFO - ok----------------90
2018-08-31 07:23:14,384 - __main__ - INFO - ok----------------91
2018-08-31 07:33:26,935 - __main__ - INFO - ok----------------92
2018-08-31 07:43:51,971 - __main__ - INFO - ok----------------93
2018-08-31 07:54:03,794 - __main__ - INFO - ok----------------94
2018-08-31 08:04:06,842 - __main__ - INFO - ok----------------95
2018-08-31 08:14:12,137 - __main__ - INFO - ok----------------96
2018-08-31 08:24:19,801 - __main__ - INFO - ok----------------97
2018-08-31 08:34:45,564 - __main__ - INFO - ok----------------98
2018-08-31 08:44:49,497 - __main__ - INFO - ok----------------99
2018-08-31 08:55:13,837 - __main__ - INFO - ok----------------100
2018-08-31 09:05:26,951 - __main__ - INFO - ok----------------101
2018-08-31 09:15:31,666 - __main__ - INFO - ok----------------102
2018-08-31 09:26:26,157 - __main__ - INFO - ok----------------103
2018-08-31 09:37:37,026 - __main__ - INFO - ok----------------104
2018-08-31 09:47:49,741 - __main__ - INFO - ok----------------105
2018-08-31 09:58:09,929 - __main__ - INFO - ok----------------106
2018-08-31 10:08:16,833 - __main__ - INFO - ok----------------107
2018-08-31 10:18:27,986 - __main__ - INFO - ok----------------108
2018-08-31 10:28:46,409 - __main__ - INFO - ok----------------109
2018-08-31 10:38:58,546 - __main__ - INFO - ok----------------110
2018-08-31 10:49:05,025 - __main__ - INFO - ok----------------111
2018-08-31 10:59:16,001 - __main__ - INFO - ok----------------112
2018-08-31 11:09:31,731 - __main__ - INFO - ok----------------113
2018-08-31 11:19:37,521 - __main__ - INFO - ok----------------114
2018-08-31 14:42:13,480 - __main__ - INFO - ok----------------1
2018-08-31 14:52:38,736 - __main__ - INFO - ok----------------2
2018-08-31 15:05:57,355 - __main__ - INFO - ok----------------1
2018-08-31 15:16:31,962 - __main__ - INFO - ok----------------2
2018-08-31 15:26:36,705 - __main__ - INFO - ok----------------3
2018-08-31 15:36:49,270 - __main__ - INFO - ok----------------4
2018-08-31 15:47:02,335 - __main__ - INFO - ok----------------5
2018-08-31 15:57:16,901 - __main__ - INFO - ok----------------6
2018-08-31 16:07:33,704 - __main__ - INFO - ok----------------7
2018-08-31 16:17:39,437 - __main__ - INFO - ok----------------8
2018-08-31 16:27:44,426 - __main__ - INFO - ok----------------9
2018-08-31 16:37:53,319 - __main__ - INFO - ok----------------10
2018-08-31 16:47:57,331 - __main__ - INFO - ok----------------11
2018-08-31 16:58:01,322 - __main__ - INFO - ok----------------12
2018-08-31 17:08:05,587 - __main__ - INFO - ok----------------13
2018-08-31 17:18:12,808 - __main__ - INFO - ok----------------14
2018-08-31 17:28:19,854 - __main__ - INFO - ok----------------15
2018-08-31 17:38:31,260 - __main__ - INFO - ok----------------16
2018-08-31 17:48:40,684 - __main__ - INFO - ok----------------17
2018-08-31 17:58:44,658 - __main__ - INFO - ok----------------18
2018-09-03 15:56:15,593 - __main__ - INFO - ok----------------1
2018-09-03 16:06:28,233 - __main__ - INFO - ok----------------2
2018-09-03 16:16:38,621 - __main__ - INFO - ok----------------3
2018-09-03 16:27:27,527 - __main__ - INFO - ok----------------4
2018-09-03 16:37:33,972 - __main__ - INFO - ok----------------5
2018-09-03 16:47:44,768 - __main__ - INFO - ok----------------6
2018-09-03 16:57:49,946 - __main__ - INFO - ok----------------7
2018-09-03 17:09:10,590 - __main__ - INFO - ok----------------8
2018-09-03 17:19:15,233 - __main__ - INFO - ok----------------9
2018-09-03 17:29:29,112 - __main__ - INFO - ok----------------10
2018-09-03 17:39:34,117 - __main__ - INFO - ok----------------11
2018-09-03 17:49:55,822 - __main__ - INFO - ok----------------12
2018-09-03 17:59:59,961 - __main__ - INFO - ok----------------13
2018-09-03 18:10:04,263 - __main__ - INFO - ok----------------14
2018-09-03 18:20:07,565 - __main__ - INFO - ok----------------15
2018-09-03 18:30:10,893 - __main__ - INFO - ok----------------16
2018-09-03 18:40:21,923 - __main__ - INFO - ok----------------17
2018-09-03 18:50:28,279 - __main__ - INFO - ok----------------18
2018-09-03 19:00:31,743 - __main__ - INFO - ok----------------19
2018-09-03 19:10:38,169 - __main__ - INFO - ok----------------20
2018-09-03 19:20:42,946 - __main__ - INFO - ok----------------21
2018-09-03 19:30:46,333 - __main__ - INFO - ok----------------22
2018-09-03 19:40:50,221 - __main__ - INFO - ok----------------23
2018-09-03 19:50:54,677 - __main__ - INFO - ok----------------24
2018-09-03 20:00:59,066 - __main__ - INFO - ok----------------25
2018-09-03 20:11:04,308 - __main__ - INFO - ok----------------26
2018-09-03 20:21:08,824 - __main__ - INFO - ok----------------27
2018-09-03 20:31:12,499 - __main__ - INFO - ok----------------28
2018-09-03 20:41:16,125 - __main__ - INFO - ok----------------29
2018-09-03 20:51:19,696 - __main__ - INFO - ok----------------30
2018-09-03 21:01:35,327 - __main__ - INFO - ok----------------31
2018-09-03 21:11:39,264 - __main__ - INFO - ok----------------32
2018-09-03 21:21:42,565 - __main__ - INFO - ok----------------33
2018-09-03 21:31:45,948 - __main__ - INFO - ok----------------34
2018-09-03 21:41:49,979 - __main__ - INFO - ok----------------35
2018-09-03 21:51:53,464 - __main__ - INFO - ok----------------36
2018-09-03 22:01:56,903 - __main__ - INFO - ok----------------37
2018-09-03 22:12:00,298 - __main__ - INFO - ok----------------38
2018-09-03 22:22:47,272 - __main__ - INFO - ok----------------39
2018-09-03 22:34:08,770 - __main__ - INFO - ok----------------40
2018-09-03 22:44:28,559 - __main__ - INFO - ok----------------41
2018-09-03 22:54:47,310 - __main__ - INFO - ok----------------42
2018-09-03 23:05:02,745 - __main__ - INFO - ok----------------43
2018-09-03 23:15:13,849 - __main__ - INFO - ok----------------44
2018-09-03 23:25:59,425 - __main__ - INFO - ok----------------45
2018-09-03 23:36:23,930 - __main__ - INFO - ok----------------46
2018-09-03 23:46:27,566 - __main__ - INFO - ok----------------47
2018-09-03 23:56:30,561 - __main__ - INFO - ok----------------48
2018-09-04 00:06:47,056 - __main__ - INFO - ok----------------49
2018-09-04 00:16:50,534 - __main__ - INFO - ok----------------50
2018-09-04 00:27:19,550 - __main__ - INFO - ok----------------51
2018-09-04 00:37:26,333 - __main__ - INFO - ok----------------52
2018-09-04 00:47:29,844 - __main__ - INFO - ok----------------53
2018-09-04 00:57:34,346 - __main__ - INFO - ok----------------54
2018-09-04 01:07:38,197 - __main__ - INFO - ok----------------55
2018-09-04 01:17:41,611 - __main__ - INFO - ok----------------56
2018-09-04 01:27:44,572 - __main__ - INFO - ok----------------57
2018-09-04 01:37:47,491 - __main__ - INFO - ok----------------58
2018-09-04 01:47:50,939 - __main__ - INFO - ok----------------59
2018-09-04 01:57:54,472 - __main__ - INFO - ok----------------60
2018-09-04 02:07:57,789 - __main__ - INFO - ok----------------61
2018-09-04 02:18:00,675 - __main__ - INFO - ok----------------62
2018-09-04 02:28:06,438 - __main__ - INFO - ok----------------63
2018-09-04 02:38:09,354 - __main__ - INFO - ok----------------64
2018-09-04 02:48:12,301 - __main__ - INFO - ok----------------65
2018-09-04 02:58:15,231 - __main__ - INFO - ok----------------66
2018-09-04 03:08:18,182 - __main__ - INFO - ok----------------67
2018-09-04 03:18:21,095 - __main__ - INFO - ok----------------68
2018-09-04 03:28:33,199 - __main__ - INFO - ok----------------69
2018-09-04 03:42:43,130 - __main__ - INFO - ok----------------70
2018-09-04 03:52:48,149 - __main__ - INFO - ok----------------71
2018-09-04 04:02:54,865 - __main__ - INFO - ok----------------72
2018-09-04 04:13:16,429 - __main__ - INFO - ok----------------73
2018-09-04 04:23:24,527 - __main__ - INFO - ok----------------74
2018-09-04 04:33:33,579 - __main__ - INFO - ok----------------75
2018-09-04 04:43:48,761 - __main__ - INFO - ok----------------76
2018-09-04 04:54:20,501 - __main__ - INFO - ok----------------77
2018-09-04 05:04:28,108 - __main__ - INFO - ok----------------78
2018-09-04 05:14:37,894 - __main__ - INFO - ok----------------79
2018-09-04 05:24:43,467 - __main__ - INFO - ok----------------80
2018-09-04 05:34:48,921 - __main__ - INFO - ok----------------81
2018-09-04 05:44:56,694 - __main__ - INFO - ok----------------82
2018-09-04 05:55:03,466 - __main__ - INFO - ok----------------83
2018-09-04 06:05:09,575 - __main__ - INFO - ok----------------84
2018-09-04 06:15:22,752 - __main__ - INFO - ok----------------85
2018-09-04 06:25:41,166 - __main__ - INFO - ok----------------86
2018-09-04 06:35:58,849 - __main__ - INFO - ok----------------87
2018-09-04 06:46:09,098 - __main__ - INFO - ok----------------88
2018-09-04 06:56:17,933 - __main__ - INFO - ok----------------89
2018-09-04 07:06:30,127 - __main__ - INFO - ok----------------90
2018-09-04 07:16:33,232 - __main__ - INFO - ok----------------91
2018-09-04 07:26:45,891 - __main__ - INFO - ok----------------92
2018-09-04 07:37:02,798 - __main__ - INFO - ok----------------93
2018-09-04 07:47:14,490 - __main__ - INFO - ok----------------94
2018-09-04 07:57:22,665 - __main__ - INFO - ok----------------95
2018-09-04 08:07:30,189 - __main__ - INFO - ok----------------96
2018-09-04 08:17:39,199 - __main__ - INFO - ok----------------97
2018-09-04 08:27:45,521 - __main__ - INFO - ok----------------98
2018-09-04 08:37:50,137 - __main__ - INFO - ok----------------99
2018-09-04 08:47:55,855 - __main__ - INFO - ok----------------100
2018-09-04 08:58:17,693 - __main__ - INFO - ok----------------101
2018-09-04 09:08:21,098 - __main__ - INFO - ok----------------102
2018-09-04 09:18:30,941 - __main__ - INFO - ok----------------103
2018-09-04 09:28:52,196 - __main__ - INFO - ok----------------104
2018-09-04 09:39:08,565 - __main__ - INFO - ok----------------105
2018-09-04 09:49:14,355 - __main__ - INFO - ok----------------106
2018-09-04 09:59:26,745 - __main__ - INFO - ok----------------107
2018-09-04 10:09:30,957 - __main__ - INFO - ok----------------108
2018-09-04 10:19:48,530 - __main__ - INFO - ok----------------109
2018-09-04 10:30:36,399 - __main__ - INFO - ok----------------110
2018-09-04 10:40:44,270 - __main__ - INFO - ok----------------111
2018-09-04 10:51:10,502 - __main__ - INFO - ok----------------112
2018-09-04 11:01:14,041 - __main__ - INFO - ok----------------113
2018-09-04 11:11:18,479 - __main__ - INFO - ok----------------114
2018-09-04 11:21:22,500 - __main__ - INFO - ok----------------115
2018-09-04 11:31:26,413 - __main__ - INFO - ok----------------116
2018-09-04 11:41:50,554 - __main__ - INFO - ok----------------117
2018-09-04 11:51:57,579 - __main__ - INFO - ok----------------118
2018-09-04 12:02:00,441 - __main__ - INFO - ok----------------119
2018-09-04 12:12:03,314 - __main__ - INFO - ok----------------120
2018-09-04 12:22:11,630 - __main__ - INFO - ok----------------121
2018-09-04 12:32:17,111 - __main__ - INFO - ok----------------122
2018-09-04 12:42:20,153 - __main__ - INFO - ok----------------123
2018-09-04 12:52:23,020 - __main__ - INFO - ok----------------124
2018-09-04 13:02:26,520 - __main__ - INFO - ok----------------125
2018-09-04 13:12:30,081 - __main__ - INFO - ok----------------126
2018-09-04 13:22:54,979 - __main__ - INFO - ok----------------127
2018-09-04 13:33:01,629 - __main__ - INFO - ok----------------128
2018-09-04 13:43:31,492 - __main__ - INFO - ok----------------129
2018-09-04 13:53:49,611 - __main__ - INFO - ok----------------130
2018-09-04 14:04:14,992 - __main__ - INFO - ok----------------131
2018-09-04 14:14:24,107 - __main__ - INFO - ok----------------132
2018-09-04 14:24:34,292 - __main__ - INFO - ok----------------133
2018-09-04 14:34:58,853 - __main__ - INFO - ok----------------134
2018-09-04 14:45:07,843 - __main__ - INFO - ok----------------135
2018-09-04 14:56:03,084 - __main__ - INFO - ok----------------136
2018-09-04 15:06:07,314 - __main__ - INFO - ok----------------137
2018-09-04 15:16:10,249 - __main__ - INFO - ok----------------138
2018-09-04 15:26:13,158 - __main__ - INFO - ok----------------139
2018-09-04 15:36:16,243 - __main__ - INFO - ok----------------140
2018-09-04 15:46:19,152 - __main__ - INFO - ok----------------141
2018-09-04 15:56:22,910 - __main__ - INFO - ok----------------142
2018-09-04 16:06:36,469 - __main__ - INFO - ok----------------143
2018-09-04 16:16:45,604 - __main__ - INFO - ok----------------144
2018-09-04 16:26:48,577 - __main__ - INFO - ok----------------145
2018-09-04 16:36:51,585 - __main__ - INFO - ok----------------146
2018-09-04 16:46:55,361 - __main__ - INFO - ok----------------147
2018-09-04 16:56:58,363 - __main__ - INFO - ok----------------148
2018-09-04 17:07:01,312 - __main__ - INFO - ok----------------149
2018-09-04 17:17:05,470 - __main__ - INFO - ok----------------150
2018-09-04 17:27:08,406 - __main__ - INFO - ok----------------151
2018-09-04 17:37:11,420 - __main__ - INFO - ok----------------152
2018-09-04 17:47:14,378 - __main__ - INFO - ok----------------153
2018-09-04 17:57:19,774 - __main__ - INFO - ok----------------154
