2018-07-31 17:33:06,220 - Utils.log_utils - WARNING - Traceback (most recent call last):
  File "F:/scribe2/Client/Auto_Update.py", line 32, in test_ok
    timeout=10)
  File "F:\scribe2\Client\venv\lib\site-packages\requests\api.py", line 72, in get
    return request('get', url, params=params, **kwargs)
  File "F:\scribe2\Client\venv\lib\site-packages\requests\api.py", line 58, in request
    return session.request(method=method, url=url, **kwargs)
  File "F:\scribe2\Client\venv\lib\site-packages\requests\sessions.py", line 512, in request
    resp = self.send(prep, **send_kwargs)
  File "F:\scribe2\Client\venv\lib\site-packages\requests\sessions.py", line 622, in send
    r = adapter.send(request, **kwargs)
  File "F:\scribe2\Client\venv\lib\site-packages\requests\adapters.py", line 410, in send
    conn = self.get_connection(request.url, proxies)
  File "F:\scribe2\Client\venv\lib\site-packages\requests\adapters.py", line 308, in get_connection
    proxy_manager = self.proxy_manager_for(proxy)
  File "F:\scribe2\Client\venv\lib\site-packages\requests\adapters.py", line 188, in proxy_manager_for
    **proxy_kwargs
  File "F:\scribe2\Client\venv\lib\site-packages\requests\adapters.py", line 45, in SOCKSProxyManager
    raise InvalidSchema("Missing dependencies for SOCKS support.")
requests.exceptions.InvalidSchema: Missing dependencies for SOCKS support.

2018-08-09 11:56:15,493 - Utils.log_utils - WARNING - Traceback (most recent call last):
  File "F:/scribe2/Client/Auto_Update.py", line 64, in test_ok
    with open(self.proxy_filt_path,'r+') as frw:
OSError: [Errno 22] Invalid argument: 'D:/Privoxy/config.txt\n'

2018-08-17 17:31:42,077 - __main__ - ERROR - Traceback (most recent call last):
  File "F:/scribe2/Client/app.py", line 21, in <module>
    ip_port_list = au.get_useful_ip_port_from_server(reason)
  File "F:/scribe2/Client\Service\ProxyService.py", line 118, in get_useful_ip_port_from_server
    raise exception_utils.ServerErrorException(resp.content.decode('utf-8'))
Utils.exception_utils.ServerErrorException: 服务器出错，请联系管理员，请求id是：58e96e6c-a200-11e8-b5e4-005056c00008

2018-08-17 17:35:39,523 - __main__ - ERROR - Traceback (most recent call last):
  File "F:/scribe2/Client/app.py", line 21, in <module>
    ip_port_list = au.get_useful_ip_port_from_server(reason)
  File "F:/scribe2/Client\Service\ProxyService.py", line 118, in get_useful_ip_port_from_server
    raise exception_utils.ServerErrorException(resp.content.decode('utf-8'))
Utils.exception_utils.ServerErrorException: 服务器出错，请联系管理员，请求id是：b20d8f8a-a200-11e8-8d0a-005056c00008

2018-08-28 13:47:44,755 - __main__ - INFO - ok----------------1
2018-08-28 13:57:52,298 - __main__ - INFO - ok----------------2
2018-08-28 14:07:57,570 - __main__ - INFO - ok----------------3
2018-08-28 14:18:01,740 - __main__ - INFO - ok----------------4
2018-08-28 14:28:12,318 - __main__ - INFO - ok----------------5
2018-08-28 14:38:16,662 - __main__ - INFO - ok----------------6
2018-08-28 14:48:21,845 - __main__ - INFO - ok----------------7
2018-08-28 14:58:26,444 - __main__ - INFO - ok----------------8
2018-08-28 15:17:01,595 - __main__ - INFO - ok----------------1
2018-08-29 16:56:07,728 - __main__ - ERROR - Traceback (most recent call last):
  File "F:/scribe2/Client/app.py", line 26, in <module>
    ip_port_list = au.get_useful_ip_port_from_server(reason)
  File "F:/scribe2/Client\Service\ProxyService.py", line 117, in get_useful_ip_port_from_server
    raise exception_utils.ServerErrorException(resp.content.decode('utf-8'))
Utils.exception_utils.ServerErrorException: 服务器出错，请联系管理员，请求id是：5d9f7074-ab69-11e8-bfc9-005056c00008

2018-08-29 16:56:07,753 - __main__ - INFO - ok----------------1
2018-08-29 17:14:11,619 - __main__ - INFO - ok----------------1
2018-08-29 17:16:43,839 - __main__ - INFO - ok----------------1
2018-08-29 17:26:48,588 - __main__ - INFO - ok----------------2
2018-08-29 17:36:51,786 - __main__ - INFO - ok----------------3
2018-08-29 17:46:55,717 - __main__ - INFO - ok----------------4
2018-08-29 17:56:59,921 - __main__ - INFO - ok----------------5
2018-08-29 18:07:03,242 - __main__ - INFO - ok----------------6
2018-08-29 18:17:06,520 - __main__ - INFO - ok----------------7
2018-08-29 18:27:40,878 - __main__ - INFO - ok----------------8
2018-08-29 18:37:48,407 - __main__ - INFO - ok----------------9
2018-08-30 09:19:40,295 - __main__ - INFO - ok----------------1
2018-08-30 09:29:47,148 - __main__ - INFO - ok----------------2
2018-08-30 09:39:59,562 - __main__ - INFO - ok----------------3
2018-08-30 09:50:12,367 - __main__ - INFO - ok----------------4
2018-08-30 10:00:19,273 - __main__ - INFO - ok----------------5
2018-08-30 10:10:33,616 - __main__ - INFO - ok----------------6
2018-08-30 10:20:47,750 - __main__ - INFO - ok----------------7
2018-08-30 10:31:10,128 - __main__ - INFO - ok----------------8
2018-08-30 10:41:20,616 - __main__ - INFO - ok----------------9
2018-08-30 10:51:30,235 - __main__ - INFO - ok----------------10
2018-08-30 11:02:01,693 - __main__ - INFO - ok----------------11
2018-08-30 11:12:50,627 - __main__ - INFO - ok----------------12
2018-08-30 11:23:03,532 - __main__ - INFO - ok----------------13
2018-08-30 11:33:45,308 - __main__ - INFO - ok----------------14
2018-08-30 11:43:49,724 - __main__ - INFO - ok----------------15
2018-08-30 11:53:53,140 - __main__ - INFO - ok----------------16
2018-08-30 14:52:51,089 - __main__ - INFO - ok----------------1
2018-08-30 15:03:23,737 - __main__ - INFO - ok----------------2
2018-08-30 15:39:15,831 - __main__ - INFO - ok----------------3
2018-08-30 15:56:39,151 - __main__ - INFO - ok----------------1
2018-08-30 16:06:56,229 - __main__ - INFO - ok----------------2
2018-08-30 16:18:30,708 - __main__ - INFO - ok----------------3
2018-08-30 16:28:37,364 - __main__ - INFO - ok----------------4
2018-08-30 16:39:13,751 - __main__ - INFO - ok----------------5
2018-08-30 16:49:35,314 - __main__ - INFO - ok----------------6
2018-08-30 17:00:09,573 - __main__ - INFO - ok----------------7
2018-08-30 17:10:33,138 - __main__ - INFO - ok----------------8
2018-08-30 17:20:46,808 - __main__ - INFO - ok----------------9
2018-08-30 17:31:02,790 - __main__ - INFO - ok----------------10
2018-08-30 17:41:18,814 - __main__ - INFO - ok----------------11
2018-08-30 17:51:26,274 - __main__ - INFO - ok----------------12
2018-08-30 18:01:46,681 - __main__ - INFO - ok----------------13
2018-08-30 18:12:40,295 - __main__ - INFO - ok----------------14
2018-08-30 18:23:12,045 - __main__ - INFO - ok----------------15
2018-08-30 18:33:23,628 - __main__ - INFO - ok----------------16
2018-08-30 18:43:32,967 - __main__ - INFO - ok----------------17
2018-08-30 18:53:37,349 - __main__ - INFO - ok----------------18
2018-08-30 19:03:41,617 - __main__ - INFO - ok----------------19
2018-08-30 19:13:48,990 - __main__ - INFO - ok----------------20
2018-08-30 19:23:57,973 - __main__ - INFO - ok----------------21
2018-08-30 19:34:03,245 - __main__ - INFO - ok----------------22
2018-08-30 19:44:07,764 - __main__ - INFO - ok----------------23
2018-08-30 19:54:11,786 - __main__ - INFO - ok----------------24
2018-08-30 20:04:38,120 - __main__ - INFO - ok----------------25
2018-08-30 20:14:56,049 - __main__ - INFO - ok----------------26
2018-08-30 20:25:32,966 - __main__ - INFO - ok----------------27
2018-08-30 20:35:46,939 - __main__ - INFO - ok----------------28
2018-08-30 20:45:54,670 - __main__ - INFO - ok----------------29
2018-08-30 20:56:05,245 - __main__ - INFO - ok----------------30
2018-08-30 21:06:25,936 - __main__ - INFO - ok----------------31
2018-08-30 21:16:41,052 - __main__ - INFO - ok----------------32
2018-08-30 21:27:17,612 - Utils.log_utils - WARNING - Traceback (most recent call last):
  File "F:\scribe2\Client\venv\lib\site-packages\urllib3\connectionpool.py", line 343, in _make_request
    self._validate_conn(conn)
  File "F:\scribe2\Client\venv\lib\site-packages\urllib3\connectionpool.py", line 849, in _validate_conn
    conn.connect()
  File "F:\scribe2\Client\venv\lib\site-packages\urllib3\connection.py", line 356, in connect
    ssl_context=context)
  File "F:\scribe2\Client\venv\lib\site-packages\urllib3\util\ssl_.py", line 359, in ssl_wrap_socket
    return context.wrap_socket(sock, server_hostname=server_hostname)
  File "C:\Users\Administrator\AppData\Local\Programs\Python\Python36\lib\ssl.py", line 407, in wrap_socket
    _context=self, _session=session)
  File "C:\Users\Administrator\AppData\Local\Programs\Python\Python36\lib\ssl.py", line 814, in __init__
    self.do_handshake()
  File "C:\Users\Administrator\AppData\Local\Programs\Python\Python36\lib\ssl.py", line 1068, in do_handshake
    self._sslobj.do_handshake()
  File "C:\Users\Administrator\AppData\Local\Programs\Python\Python36\lib\ssl.py", line 689, in do_handshake
    self._sslobj.do_handshake()
socket.timeout: _ssl.c:761: The handshake operation timed out

During handling of the above exception, another exception occurred:

Traceback (most recent call last):
  File "F:\scribe2\Client\venv\lib\site-packages\requests\adapters.py", line 445, in send
    timeout=timeout
  File "F:\scribe2\Client\venv\lib\site-packages\urllib3\connectionpool.py", line 638, in urlopen
    _stacktrace=sys.exc_info()[2])
  File "F:\scribe2\Client\venv\lib\site-packages\urllib3\util\retry.py", line 367, in increment
    raise six.reraise(type(error), error, _stacktrace)
  File "F:\scribe2\Client\venv\lib\site-packages\urllib3\packages\six.py", line 686, in reraise
    raise value
  File "F:\scribe2\Client\venv\lib\site-packages\urllib3\connectionpool.py", line 600, in urlopen
    chunked=chunked)
  File "F:\scribe2\Client\venv\lib\site-packages\urllib3\connectionpool.py", line 346, in _make_request
    self._raise_timeout(err=e, url=url, timeout_value=conn.timeout)
  File "F:\scribe2\Client\venv\lib\site-packages\urllib3\connectionpool.py", line 306, in _raise_timeout
    raise ReadTimeoutError(self, url, "Read timed out. (read timeout=%s)" % timeout_value)
urllib3.exceptions.ReadTimeoutError: SOCKSHTTPSConnectionPool(host='www.google.com', port=443): Read timed out. (read timeout=10)

During handling of the above exception, another exception occurred:

Traceback (most recent call last):
  File "F:/scribe2/Client\Service\ProxyService.py", line 94, in test_ok
    timeout=10)
  File "F:\scribe2\Client\venv\lib\site-packages\requests\api.py", line 72, in get
    return request('get', url, params=params, **kwargs)
  File "F:\scribe2\Client\venv\lib\site-packages\requests\api.py", line 58, in request
    return session.request(method=method, url=url, **kwargs)
  File "F:\scribe2\Client\venv\lib\site-packages\requests\sessions.py", line 512, in request
    resp = self.send(prep, **send_kwargs)
  File "F:\scribe2\Client\venv\lib\site-packages\requests\sessions.py", line 622, in send
    r = adapter.send(request, **kwargs)
  File "F:\scribe2\Client\venv\lib\site-packages\requests\adapters.py", line 526, in send
    raise ReadTimeout(e, request=request)
requests.exceptions.ReadTimeout: SOCKSHTTPSConnectionPool(host='www.google.com', port=443): Read timed out. (read timeout=10)

2018-08-30 21:28:38,165 - __main__ - INFO - ok----------------33
2018-08-30 21:38:43,936 - __main__ - INFO - ok----------------34
2018-08-30 21:48:55,577 - __main__ - INFO - ok----------------35
2018-08-30 21:59:06,353 - __main__ - INFO - ok----------------36
2018-08-30 22:09:17,149 - __main__ - INFO - ok----------------37
2018-08-30 22:19:55,953 - __main__ - INFO - ok----------------38
2018-08-30 22:30:05,967 - __main__ - INFO - ok----------------39
2018-08-30 22:40:31,826 - __main__ - INFO - ok----------------40
2018-08-30 22:50:43,022 - __main__ - INFO - ok----------------41
2018-08-30 23:01:33,923 - __main__ - INFO - ok----------------42
2018-08-30 23:11:51,870 - __main__ - INFO - ok----------------43
2018-08-30 23:21:57,607 - __main__ - INFO - ok----------------44
2018-08-30 23:32:14,556 - __main__ - INFO - ok----------------45
2018-08-30 23:42:32,632 - __main__ - INFO - ok----------------46
2018-08-30 23:53:22,085 - __main__ - INFO - ok----------------47
2018-08-31 00:03:37,894 - __main__ - INFO - ok----------------48
2018-08-31 00:13:42,831 - __main__ - INFO - ok----------------49
2018-08-31 00:23:50,817 - __main__ - INFO - ok----------------50
2018-08-31 00:34:07,192 - __main__ - INFO - ok----------------51
2018-08-31 00:44:12,542 - __main__ - INFO - ok----------------52
2018-08-31 00:54:17,598 - __main__ - INFO - ok----------------53
2018-08-31 01:04:36,955 - __main__ - INFO - ok----------------54
2018-08-31 01:14:46,649 - __main__ - INFO - ok----------------55
2018-08-31 01:25:01,517 - __main__ - INFO - ok----------------56
2018-08-31 01:35:28,482 - __main__ - INFO - ok----------------57
2018-08-31 01:45:33,150 - __main__ - INFO - ok----------------58
2018-08-31 01:55:39,788 - __main__ - INFO - ok----------------59
2018-08-31 02:05:55,223 - __main__ - INFO - ok----------------60
2018-08-31 02:16:11,389 - __main__ - INFO - ok----------------61
2018-08-31 02:26:47,558 - __main__ - INFO - ok----------------62
2018-08-31 02:37:01,666 - __main__ - INFO - ok----------------63
2018-08-31 02:47:07,155 - __main__ - INFO - ok----------------64
2018-08-31 02:57:12,195 - __main__ - INFO - ok----------------65
2018-08-31 03:07:17,834 - __main__ - INFO - ok----------------66
2018-08-31 03:17:25,739 - __main__ - INFO - ok----------------67
2018-08-31 03:27:30,464 - __main__ - INFO - ok----------------68
2018-08-31 03:37:40,618 - __main__ - INFO - ok----------------69
2018-08-31 03:47:45,693 - __main__ - INFO - ok----------------70
2018-08-31 03:57:52,836 - __main__ - INFO - ok----------------71
2018-08-31 04:08:00,960 - __main__ - INFO - ok----------------72
2018-08-31 04:18:06,726 - __main__ - INFO - ok----------------73
2018-08-31 04:28:45,892 - __main__ - INFO - ok----------------74
2018-08-31 04:38:54,888 - __main__ - INFO - ok----------------75
2018-08-31 04:49:31,318 - __main__ - INFO - ok----------------76
2018-08-31 04:59:44,751 - __main__ - INFO - ok----------------77
2018-08-31 05:09:50,185 - __main__ - INFO - ok----------------78
2018-08-31 05:20:07,844 - __main__ - INFO - ok----------------79
2018-08-31 05:30:13,723 - __main__ - INFO - ok----------------80
2018-08-31 05:40:58,143 - __main__ - INFO - ok----------------81
2018-08-31 05:51:06,758 - __main__ - INFO - ok----------------82
2018-08-31 06:01:28,138 - __main__ - INFO - ok----------------83
2018-08-31 06:11:36,428 - __main__ - INFO - ok----------------84
2018-08-31 06:22:01,017 - __main__ - INFO - ok----------------85
2018-08-31 06:32:31,095 - __main__ - INFO - ok----------------86
2018-08-31 06:42:48,614 - __main__ - INFO - ok----------------87
2018-08-31 06:52:55,609 - __main__ - INFO - ok----------------88
2018-08-31 07:02:59,342 - __main__ - INFO - ok----------------89
2018-08-31 07:13:09,078 - __main__ - INFO - ok----------------90
2018-08-31 07:23:14,384 - __main__ - INFO - ok----------------91
2018-08-31 07:33:26,935 - __main__ - INFO - ok----------------92
2018-08-31 07:43:51,971 - __main__ - INFO - ok----------------93
2018-08-31 07:54:03,794 - __main__ - INFO - ok----------------94
2018-08-31 08:04:06,842 - __main__ - INFO - ok----------------95
2018-08-31 08:14:12,137 - __main__ - INFO - ok----------------96
2018-08-31 08:24:19,801 - __main__ - INFO - ok----------------97
2018-08-31 08:34:45,564 - __main__ - INFO - ok----------------98
2018-08-31 08:44:49,497 - __main__ - INFO - ok----------------99
2018-08-31 08:55:13,837 - __main__ - INFO - ok----------------100
2018-08-31 09:05:26,951 - __main__ - INFO - ok----------------101
2018-08-31 09:15:31,666 - __main__ - INFO - ok----------------102
2018-08-31 09:26:26,157 - __main__ - INFO - ok----------------103
2018-08-31 09:37:37,026 - __main__ - INFO - ok----------------104
2018-08-31 09:47:49,741 - __main__ - INFO - ok----------------105
2018-08-31 09:58:09,929 - __main__ - INFO - ok----------------106
2018-08-31 10:08:16,833 - __main__ - INFO - ok----------------107
2018-08-31 10:18:27,986 - __main__ - INFO - ok----------------108
2018-08-31 10:28:46,409 - __main__ - INFO - ok----------------109
2018-08-31 10:38:58,546 - __main__ - INFO - ok----------------110
2018-08-31 10:49:05,025 - __main__ - INFO - ok----------------111
2018-08-31 10:59:16,001 - __main__ - INFO - ok----------------112
2018-08-31 11:09:31,731 - __main__ - INFO - ok----------------113
2018-08-31 11:19:37,521 - __main__ - INFO - ok----------------114
2018-08-31 14:42:13,480 - __main__ - INFO - ok----------------1
2018-08-31 14:52:38,736 - __main__ - INFO - ok----------------2
2018-08-31 15:05:57,355 - __main__ - INFO - ok----------------1
2018-08-31 15:16:31,962 - __main__ - INFO - ok----------------2
2018-08-31 15:26:36,705 - __main__ - INFO - ok----------------3
2018-08-31 15:36:49,270 - __main__ - INFO - ok----------------4
2018-08-31 15:47:02,335 - __main__ - INFO - ok----------------5
2018-08-31 15:57:16,901 - __main__ - INFO - ok----------------6
2018-08-31 16:07:33,704 - __main__ - INFO - ok----------------7
2018-08-31 16:17:39,437 - __main__ - INFO - ok----------------8
2018-08-31 16:27:44,426 - __main__ - INFO - ok----------------9
2018-08-31 16:37:53,319 - __main__ - INFO - ok----------------10
2018-08-31 16:47:57,331 - __main__ - INFO - ok----------------11
2018-08-31 16:58:01,322 - __main__ - INFO - ok----------------12
2018-08-31 17:08:05,587 - __main__ - INFO - ok----------------13
2018-08-31 17:18:12,808 - __main__ - INFO - ok----------------14
2018-08-31 17:28:19,854 - __main__ - INFO - ok----------------15
2018-08-31 17:38:31,260 - __main__ - INFO - ok----------------16
2018-08-31 17:48:40,684 - __main__ - INFO - ok----------------17
2018-08-31 17:58:44,658 - __main__ - INFO - ok----------------18
2018-09-03 15:56:15,593 - __main__ - INFO - ok----------------1
2018-09-03 16:06:28,233 - __main__ - INFO - ok----------------2
2018-09-03 16:16:38,621 - __main__ - INFO - ok----------------3
2018-09-03 16:27:27,527 - __main__ - INFO - ok----------------4
2018-09-03 16:37:33,972 - __main__ - INFO - ok----------------5
2018-09-03 16:47:44,768 - __main__ - INFO - ok----------------6
2018-09-03 16:57:49,946 - __main__ - INFO - ok----------------7
2018-09-03 17:09:10,590 - __main__ - INFO - ok----------------8
2018-09-03 17:19:15,233 - __main__ - INFO - ok----------------9
2018-09-03 17:29:29,112 - __main__ - INFO - ok----------------10
2018-09-03 17:39:34,117 - __main__ - INFO - ok----------------11
2018-09-03 17:49:55,822 - __main__ - INFO - ok----------------12
2018-09-03 17:59:59,961 - __main__ - INFO - ok----------------13
2018-09-03 18:10:04,263 - __main__ - INFO - ok----------------14
2018-09-03 18:20:07,565 - __main__ - INFO - ok----------------15
2018-09-03 18:30:10,893 - __main__ - INFO - ok----------------16
2018-09-03 18:40:21,923 - __main__ - INFO - ok----------------17
2018-09-03 18:50:28,279 - __main__ - INFO - ok----------------18
2018-09-03 19:00:31,743 - __main__ - INFO - ok----------------19
2018-09-03 19:10:38,169 - __main__ - INFO - ok----------------20
2018-09-03 19:20:42,946 - __main__ - INFO - ok----------------21
2018-09-03 19:30:46,333 - __main__ - INFO - ok----------------22
2018-09-03 19:40:50,221 - __main__ - INFO - ok----------------23
2018-09-03 19:50:54,677 - __main__ - INFO - ok----------------24
2018-09-03 20:00:59,066 - __main__ - INFO - ok----------------25
2018-09-03 20:11:04,308 - __main__ - INFO - ok----------------26
2018-09-03 20:21:08,824 - __main__ - INFO - ok----------------27
2018-09-03 20:31:12,499 - __main__ - INFO - ok----------------28
2018-09-03 20:41:16,125 - __main__ - INFO - ok----------------29
2018-09-03 20:51:19,696 - __main__ - INFO - ok----------------30
2018-09-03 21:01:35,327 - __main__ - INFO - ok----------------31
2018-09-03 21:11:39,264 - __main__ - INFO - ok----------------32
2018-09-03 21:21:42,565 - __main__ - INFO - ok----------------33
2018-09-03 21:31:45,948 - __main__ - INFO - ok----------------34
2018-09-03 21:41:49,979 - __main__ - INFO - ok----------------35
2018-09-03 21:51:53,464 - __main__ - INFO - ok----------------36
2018-09-03 22:01:56,903 - __main__ - INFO - ok----------------37
2018-09-03 22:12:00,298 - __main__ - INFO - ok----------------38
2018-09-03 22:22:47,272 - __main__ - INFO - ok----------------39
2018-09-03 22:34:08,770 - __main__ - INFO - ok----------------40
2018-09-03 22:44:28,559 - __main__ - INFO - ok----------------41
2018-09-03 22:54:47,310 - __main__ - INFO - ok----------------42
2018-09-03 23:05:02,745 - __main__ - INFO - ok----------------43
2018-09-03 23:15:13,849 - __main__ - INFO - ok----------------44
2018-09-03 23:25:59,425 - __main__ - INFO - ok----------------45
2018-09-03 23:36:23,930 - __main__ - INFO - ok----------------46
2018-09-03 23:46:27,566 - __main__ - INFO - ok----------------47
2018-09-03 23:56:30,561 - __main__ - INFO - ok----------------48
2018-09-04 00:06:47,056 - __main__ - INFO - ok----------------49
2018-09-04 00:16:50,534 - __main__ - INFO - ok----------------50
2018-09-04 00:27:19,550 - __main__ - INFO - ok----------------51
2018-09-04 00:37:26,333 - __main__ - INFO - ok----------------52
2018-09-04 00:47:29,844 - __main__ - INFO - ok----------------53
2018-09-04 00:57:34,346 - __main__ - INFO - ok----------------54
2018-09-04 01:07:38,197 - __main__ - INFO - ok----------------55
2018-09-04 01:17:41,611 - __main__ - INFO - ok----------------56
2018-09-04 01:27:44,572 - __main__ - INFO - ok----------------57
2018-09-04 01:37:47,491 - __main__ - INFO - ok----------------58
2018-09-04 01:47:50,939 - __main__ - INFO - ok----------------59
2018-09-04 01:57:54,472 - __main__ - INFO - ok----------------60
2018-09-04 02:07:57,789 - __main__ - INFO - ok----------------61
2018-09-04 02:18:00,675 - __main__ - INFO - ok----------------62
2018-09-04 02:28:06,438 - __main__ - INFO - ok----------------63
2018-09-04 02:38:09,354 - __main__ - INFO - ok----------------64
2018-09-04 02:48:12,301 - __main__ - INFO - ok----------------65
2018-09-04 02:58:15,231 - __main__ - INFO - ok----------------66
2018-09-04 03:08:18,182 - __main__ - INFO - ok----------------67
2018-09-04 03:18:21,095 - __main__ - INFO - ok----------------68
2018-09-04 03:28:33,199 - __main__ - INFO - ok----------------69
2018-09-04 03:42:43,130 - __main__ - INFO - ok----------------70
2018-09-04 03:52:48,149 - __main__ - INFO - ok----------------71
2018-09-04 04:02:54,865 - __main__ - INFO - ok----------------72
2018-09-04 04:13:16,429 - __main__ - INFO - ok----------------73
2018-09-04 04:23:24,527 - __main__ - INFO - ok----------------74
2018-09-04 04:33:33,579 - __main__ - INFO - ok----------------75
2018-09-04 04:43:48,761 - __main__ - INFO - ok----------------76
2018-09-04 04:54:20,501 - __main__ - INFO - ok----------------77
2018-09-04 05:04:28,108 - __main__ - INFO - ok----------------78
2018-09-04 05:14:37,894 - __main__ - INFO - ok----------------79
2018-09-04 05:24:43,467 - __main__ - INFO - ok----------------80
2018-09-04 05:34:48,921 - __main__ - INFO - ok----------------81
2018-09-04 05:44:56,694 - __main__ - INFO - ok----------------82
2018-09-04 05:55:03,466 - __main__ - INFO - ok----------------83
2018-09-04 06:05:09,575 - __main__ - INFO - ok----------------84
2018-09-04 06:15:22,752 - __main__ - INFO - ok----------------85
2018-09-04 06:25:41,166 - __main__ - INFO - ok----------------86
2018-09-04 06:35:58,849 - __main__ - INFO - ok----------------87
2018-09-04 06:46:09,098 - __main__ - INFO - ok----------------88
2018-09-04 06:56:17,933 - __main__ - INFO - ok----------------89
2018-09-04 07:06:30,127 - __main__ - INFO - ok----------------90
2018-09-04 07:16:33,232 - __main__ - INFO - ok----------------91
2018-09-04 07:26:45,891 - __main__ - INFO - ok----------------92
2018-09-04 07:37:02,798 - __main__ - INFO - ok----------------93
2018-09-04 07:47:14,490 - __main__ - INFO - ok----------------94
2018-09-04 07:57:22,665 - __main__ - INFO - ok----------------95
2018-09-04 08:07:30,189 - __main__ - INFO - ok----------------96
2018-09-04 08:17:39,199 - __main__ - INFO - ok----------------97
2018-09-04 08:27:45,521 - __main__ - INFO - ok----------------98
2018-09-04 08:37:50,137 - __main__ - INFO - ok----------------99
2018-09-04 08:47:55,855 - __main__ - INFO - ok----------------100
2018-09-04 08:58:17,693 - __main__ - INFO - ok----------------101
2018-09-04 09:08:21,098 - __main__ - INFO - ok----------------102
2018-09-04 09:18:30,941 - __main__ - INFO - ok----------------103
2018-09-04 09:28:52,196 - __main__ - INFO - ok----------------104
2018-09-04 09:39:08,565 - __main__ - INFO - ok----------------105
2018-09-04 09:49:14,355 - __main__ - INFO - ok----------------106
2018-09-04 09:59:26,745 - __main__ - INFO - ok----------------107
2018-09-04 10:09:30,957 - __main__ - INFO - ok----------------108
2018-09-04 10:19:48,530 - __main__ - INFO - ok----------------109
2018-09-04 10:30:36,399 - __main__ - INFO - ok----------------110
2018-09-04 10:40:44,270 - __main__ - INFO - ok----------------111
2018-09-04 10:51:10,502 - __main__ - INFO - ok----------------112
2018-09-04 11:01:14,041 - __main__ - INFO - ok----------------113
2018-09-04 11:11:18,479 - __main__ - INFO - ok----------------114
2018-09-04 11:21:22,500 - __main__ - INFO - ok----------------115
2018-09-04 11:31:26,413 - __main__ - INFO - ok----------------116
2018-09-04 11:41:50,554 - __main__ - INFO - ok----------------117
2018-09-04 11:51:57,579 - __main__ - INFO - ok----------------118
2018-09-04 12:02:00,441 - __main__ - INFO - ok----------------119
2018-09-04 12:12:03,314 - __main__ - INFO - ok----------------120
2018-09-04 12:22:11,630 - __main__ - INFO - ok----------------121
2018-09-04 12:32:17,111 - __main__ - INFO - ok----------------122
2018-09-04 12:42:20,153 - __main__ - INFO - ok----------------123
2018-09-04 12:52:23,020 - __main__ - INFO - ok----------------124
2018-09-04 13:02:26,520 - __main__ - INFO - ok----------------125
2018-09-04 13:12:30,081 - __main__ - INFO - ok----------------126
2018-09-04 13:22:54,979 - __main__ - INFO - ok----------------127
2018-09-04 13:33:01,629 - __main__ - INFO - ok----------------128
2018-09-04 13:43:31,492 - __main__ - INFO - ok----------------129
2018-09-04 13:53:49,611 - __main__ - INFO - ok----------------130
2018-09-04 14:04:14,992 - __main__ - INFO - ok----------------131
2018-09-04 14:14:24,107 - __main__ - INFO - ok----------------132
2018-09-04 14:24:34,292 - __main__ - INFO - ok----------------133
2018-09-04 14:34:58,853 - __main__ - INFO - ok----------------134
2018-09-04 14:45:07,843 - __main__ - INFO - ok----------------135
2018-09-04 14:56:03,084 - __main__ - INFO - ok----------------136
2018-09-04 15:06:07,314 - __main__ - INFO - ok----------------137
2018-09-04 15:16:10,249 - __main__ - INFO - ok----------------138
2018-09-04 15:26:13,158 - __main__ - INFO - ok----------------139
2018-09-04 15:36:16,243 - __main__ - INFO - ok----------------140
2018-09-04 15:46:19,152 - __main__ - INFO - ok----------------141
2018-09-04 15:56:22,910 - __main__ - INFO - ok----------------142
2018-09-04 16:06:36,469 - __main__ - INFO - ok----------------143
2018-09-04 16:16:45,604 - __main__ - INFO - ok----------------144
2018-09-04 16:26:48,577 - __main__ - INFO - ok----------------145
2018-09-04 16:36:51,585 - __main__ - INFO - ok----------------146
2018-09-04 16:46:55,361 - __main__ - INFO - ok----------------147
2018-09-04 16:56:58,363 - __main__ - INFO - ok----------------148
2018-09-04 17:07:01,312 - __main__ - INFO - ok----------------149
2018-09-04 17:17:05,470 - __main__ - INFO - ok----------------150
2018-09-04 17:27:08,406 - __main__ - INFO - ok----------------151
2018-09-04 17:37:11,420 - __main__ - INFO - ok----------------152
2018-09-04 17:47:14,378 - __main__ - INFO - ok----------------153
2018-09-04 17:57:19,774 - __main__ - INFO - ok----------------154
2018-09-04 18:07:22,729 - __main__ - INFO - ok----------------155
2018-09-04 18:17:26,223 - __main__ - INFO - ok----------------156
2018-09-04 18:27:29,049 - __main__ - INFO - ok----------------157
2018-09-04 18:37:32,764 - __main__ - INFO - ok----------------158
2018-09-04 18:47:35,683 - __main__ - INFO - ok----------------159
2018-09-04 18:57:38,595 - __main__ - INFO - ok----------------160
2018-09-04 19:07:41,475 - __main__ - INFO - ok----------------161
2018-09-04 19:17:44,451 - __main__ - INFO - ok----------------162
2018-09-04 19:27:47,574 - __main__ - INFO - ok----------------163
2018-09-04 19:37:50,767 - __main__ - INFO - ok----------------164
2018-09-04 19:47:53,848 - __main__ - INFO - ok----------------165
2018-09-04 19:58:21,777 - __main__ - INFO - ok----------------166
2018-09-04 20:08:52,115 - __main__ - INFO - ok----------------167
2018-09-04 20:18:55,224 - __main__ - INFO - ok----------------168
2018-09-04 20:28:58,538 - __main__ - INFO - ok----------------169
2018-09-04 20:39:08,867 - __main__ - INFO - ok----------------170
2018-09-04 20:49:12,333 - __main__ - INFO - ok----------------171
2018-09-04 20:59:15,185 - __main__ - INFO - ok----------------172
2018-09-04 21:09:39,832 - __main__ - INFO - ok----------------173
2018-09-04 21:19:42,782 - __main__ - INFO - ok----------------174
2018-09-04 21:29:46,077 - __main__ - INFO - ok----------------175
2018-09-04 21:39:49,831 - __main__ - INFO - ok----------------176
2018-09-04 21:49:55,734 - __main__ - INFO - ok----------------177
2018-09-04 21:59:58,909 - __main__ - INFO - ok----------------178
2018-09-04 22:10:02,361 - __main__ - INFO - ok----------------179
2018-09-04 22:20:48,563 - __main__ - INFO - ok----------------180
2018-09-04 22:30:52,018 - __main__ - INFO - ok----------------181
2018-09-04 22:40:55,038 - __main__ - INFO - ok----------------182
2018-09-04 22:50:58,643 - __main__ - INFO - ok----------------183
2018-09-04 23:01:03,626 - __main__ - INFO - ok----------------184
2018-09-04 23:11:06,566 - __main__ - INFO - ok----------------185
2018-09-04 23:21:10,244 - __main__ - INFO - ok----------------186
2018-09-04 23:31:13,804 - __main__ - INFO - ok----------------187
2018-09-04 23:41:17,346 - __main__ - INFO - ok----------------188
2018-09-04 23:51:20,575 - __main__ - INFO - ok----------------189
2018-09-05 00:01:23,909 - __main__ - INFO - ok----------------190
2018-09-05 00:11:27,078 - __main__ - INFO - ok----------------191
2018-09-05 00:21:30,180 - __main__ - INFO - ok----------------192
2018-09-05 00:31:33,525 - __main__ - INFO - ok----------------193
2018-09-05 00:41:37,312 - __main__ - INFO - ok----------------194
2018-09-05 00:51:40,345 - __main__ - INFO - ok----------------195
2018-09-05 01:01:43,486 - __main__ - INFO - ok----------------196
2018-09-05 01:11:46,577 - __main__ - INFO - ok----------------197
2018-09-05 01:21:49,414 - __main__ - INFO - ok----------------198
2018-09-05 01:31:52,322 - __main__ - INFO - ok----------------199
2018-09-05 01:41:56,073 - __main__ - INFO - ok----------------200
2018-09-05 01:51:58,955 - __main__ - INFO - ok----------------201
2018-09-05 02:02:01,834 - __main__ - INFO - ok----------------202
2018-09-05 02:12:09,212 - __main__ - INFO - ok----------------203
2018-09-05 02:22:12,176 - __main__ - INFO - ok----------------204
2018-09-05 02:32:15,216 - __main__ - INFO - ok----------------205
2018-09-05 02:42:18,156 - __main__ - INFO - ok----------------206
2018-09-05 02:52:21,231 - __main__ - INFO - ok----------------207
2018-09-05 03:02:24,135 - __main__ - INFO - ok----------------208
2018-09-05 03:12:27,368 - __main__ - INFO - ok----------------209
2018-09-05 03:22:30,250 - __main__ - INFO - ok----------------210
2018-09-05 03:32:33,124 - __main__ - INFO - ok----------------211
2018-09-05 03:42:36,101 - __main__ - INFO - ok----------------212
2018-09-05 03:52:38,934 - __main__ - INFO - ok----------------213
2018-09-05 04:02:41,833 - __main__ - INFO - ok----------------214
2018-09-05 04:12:44,740 - __main__ - INFO - ok----------------215
2018-09-05 04:22:47,633 - __main__ - INFO - ok----------------216
2018-09-05 04:33:04,303 - __main__ - INFO - ok----------------217
2018-09-05 04:43:07,200 - __main__ - INFO - ok----------------218
2018-09-05 04:53:10,073 - __main__ - INFO - ok----------------219
2018-09-05 05:03:13,102 - __main__ - INFO - ok----------------220
2018-09-05 05:13:16,002 - __main__ - INFO - ok----------------221
2018-09-05 05:23:18,877 - __main__ - INFO - ok----------------222
2018-09-05 05:33:21,737 - __main__ - INFO - ok----------------223
2018-09-05 05:43:24,611 - __main__ - INFO - ok----------------224
2018-09-05 05:53:27,639 - __main__ - INFO - ok----------------225
2018-09-05 06:03:30,497 - __main__ - INFO - ok----------------226
2018-09-05 06:13:33,425 - __main__ - INFO - ok----------------227
2018-09-05 06:23:36,314 - __main__ - INFO - ok----------------228
2018-09-05 06:33:39,186 - __main__ - INFO - ok----------------229
2018-09-05 06:43:42,073 - __main__ - INFO - ok----------------230
2018-09-05 06:53:44,972 - __main__ - INFO - ok----------------231
2018-09-05 07:03:47,990 - __main__ - INFO - ok----------------232
2018-09-05 07:13:50,932 - __main__ - INFO - ok----------------233
2018-09-05 07:23:53,816 - __main__ - INFO - ok----------------234
2018-09-05 07:33:56,726 - __main__ - INFO - ok----------------235
2018-09-05 07:43:59,608 - __main__ - INFO - ok----------------236
2018-09-05 07:54:02,493 - __main__ - INFO - ok----------------237
2018-09-05 08:04:05,390 - __main__ - INFO - ok----------------238
2018-09-05 08:14:08,367 - __main__ - INFO - ok----------------239
2018-09-05 08:24:11,546 - __main__ - INFO - ok----------------240
2018-09-05 08:34:14,424 - __main__ - INFO - ok----------------241
2018-09-05 08:44:17,276 - __main__ - INFO - ok----------------242
2018-09-05 08:54:20,127 - __main__ - INFO - ok----------------243
2018-09-05 09:04:23,016 - __main__ - INFO - ok----------------244
2018-09-05 09:14:25,894 - __main__ - INFO - ok----------------245
2018-09-05 09:24:29,142 - __main__ - INFO - ok----------------246
2018-09-05 09:34:32,100 - __main__ - INFO - ok----------------247
2018-09-05 09:44:34,990 - __main__ - INFO - ok----------------248
2018-09-05 09:54:37,887 - __main__ - INFO - ok----------------249
2018-09-05 10:04:40,781 - __main__ - INFO - ok----------------250
2018-09-05 10:14:43,665 - __main__ - INFO - ok----------------251
2018-09-05 10:24:46,561 - __main__ - INFO - ok----------------252
2018-09-05 10:34:49,490 - __main__ - INFO - ok----------------253
2018-09-05 10:44:52,342 - __main__ - INFO - ok----------------254
2018-09-05 10:54:55,256 - __main__ - INFO - ok----------------255
2018-09-05 11:04:58,363 - __main__ - INFO - ok----------------256
2018-09-05 11:15:01,654 - __main__ - INFO - ok----------------257
2018-09-05 11:25:05,031 - __main__ - INFO - ok----------------258
2018-09-05 11:35:07,949 - __main__ - INFO - ok----------------259
2018-09-05 11:45:10,843 - __main__ - INFO - ok----------------260
2018-09-05 11:55:13,715 - __main__ - INFO - ok----------------261
2018-09-05 12:05:17,013 - __main__ - INFO - ok----------------262
2018-09-05 12:15:19,912 - __main__ - INFO - ok----------------263
2018-09-05 12:25:22,972 - __main__ - INFO - ok----------------264
2018-09-05 12:35:25,867 - __main__ - INFO - ok----------------265
2018-09-05 12:45:29,241 - __main__ - INFO - ok----------------266
2018-09-05 12:55:32,174 - __main__ - INFO - ok----------------267
2018-09-05 13:05:35,452 - __main__ - INFO - ok----------------268
2018-09-05 13:15:38,675 - __main__ - INFO - ok----------------269
2018-09-05 13:25:41,609 - __main__ - INFO - ok----------------270
2018-09-05 13:35:44,556 - __main__ - INFO - ok----------------271
2018-09-05 13:45:47,631 - __main__ - INFO - ok----------------272
2018-09-05 13:55:50,561 - __main__ - INFO - ok----------------273
2018-09-05 14:05:53,506 - __main__ - INFO - ok----------------274
2018-09-05 14:15:59,933 - __main__ - INFO - ok----------------275
2018-09-05 14:26:02,856 - __main__ - INFO - ok----------------276
2018-09-05 14:36:05,782 - __main__ - INFO - ok----------------277
2018-09-05 14:46:08,682 - __main__ - INFO - ok----------------278
2018-09-05 14:56:11,824 - __main__ - INFO - ok----------------279
2018-09-05 15:06:14,828 - __main__ - INFO - ok----------------280
2018-09-05 15:16:17,973 - __main__ - INFO - ok----------------281
2018-09-05 15:26:20,899 - __main__ - INFO - ok----------------282
2018-09-05 15:36:23,848 - __main__ - INFO - ok----------------283
2018-09-05 15:46:26,754 - __main__ - INFO - ok----------------284
2018-09-05 15:56:29,837 - __main__ - INFO - ok----------------285
2018-09-05 16:06:33,379 - __main__ - INFO - ok----------------286
2018-09-05 16:16:36,267 - __main__ - INFO - ok----------------287
2018-09-05 16:26:39,473 - __main__ - INFO - ok----------------288
2018-09-05 16:36:42,915 - __main__ - INFO - ok----------------289
2018-09-05 16:46:46,000 - __main__ - INFO - ok----------------290
2018-09-05 16:56:48,887 - __main__ - INFO - ok----------------291
2018-09-05 17:06:51,958 - __main__ - INFO - ok----------------292
2018-09-05 17:16:55,008 - __main__ - INFO - ok----------------293
2018-09-05 17:26:58,116 - __main__ - INFO - ok----------------294
2018-09-05 17:37:01,050 - __main__ - INFO - ok----------------295
2018-09-05 17:47:03,979 - __main__ - INFO - ok----------------296
2018-09-05 17:57:06,876 - __main__ - INFO - ok----------------297
2018-09-05 18:07:10,070 - __main__ - INFO - ok----------------298
2018-09-05 18:17:12,945 - __main__ - INFO - ok----------------299
2018-09-05 18:27:16,019 - __main__ - INFO - ok----------------300
2018-09-05 18:37:18,913 - __main__ - INFO - ok----------------301
2018-09-05 18:47:21,795 - __main__ - INFO - ok----------------302
2018-09-05 18:57:24,667 - __main__ - INFO - ok----------------303
2018-09-05 19:07:27,569 - __main__ - INFO - ok----------------304
2018-09-05 19:17:30,814 - __main__ - INFO - ok----------------305
2018-09-05 19:27:33,674 - __main__ - INFO - ok----------------306
2018-09-05 19:37:36,713 - __main__ - INFO - ok----------------307
2018-09-05 19:47:39,970 - __main__ - INFO - ok----------------308
2018-09-05 19:57:42,873 - __main__ - INFO - ok----------------309
2018-09-05 20:07:51,477 - __main__ - INFO - ok----------------310
2018-09-05 20:18:07,001 - __main__ - INFO - ok----------------311
2018-09-05 20:28:10,129 - __main__ - INFO - ok----------------312
2018-09-05 20:38:13,938 - __main__ - INFO - ok----------------313
2018-09-05 20:48:16,786 - __main__ - INFO - ok----------------314
2018-09-05 20:58:19,666 - __main__ - INFO - ok----------------315
2018-09-05 21:08:22,549 - __main__ - INFO - ok----------------316
2018-09-05 21:18:25,796 - __main__ - INFO - ok----------------317
2018-09-05 21:29:09,716 - __main__ - INFO - ok----------------318
2018-09-05 21:39:36,115 - __main__ - INFO - ok----------------319
2018-09-05 21:50:18,443 - __main__ - INFO - ok----------------320
2018-09-05 22:01:03,226 - __main__ - INFO - ok----------------321
2018-09-05 22:11:13,523 - __main__ - INFO - ok----------------322
2018-09-05 22:21:26,272 - __main__ - INFO - ok----------------323
2018-09-05 22:31:37,831 - __main__ - INFO - ok----------------324
2018-09-05 22:42:03,439 - __main__ - INFO - ok----------------325
2018-09-05 22:52:40,950 - __main__ - INFO - ok----------------326
2018-09-05 23:02:56,861 - __main__ - INFO - ok----------------327
2018-09-05 23:13:03,022 - __main__ - INFO - ok----------------328
2018-09-05 23:23:08,137 - __main__ - INFO - ok----------------329
2018-09-05 23:33:12,108 - __main__ - INFO - ok----------------330
2018-09-05 23:43:15,889 - __main__ - INFO - ok----------------331
2018-09-05 23:54:38,872 - __main__ - INFO - ok----------------332
2018-09-06 00:04:50,164 - __main__ - INFO - ok----------------333
2018-09-06 00:14:59,481 - __main__ - INFO - ok----------------334
2018-09-06 00:25:20,589 - __main__ - INFO - ok----------------335
2018-09-06 00:35:54,877 - __main__ - INFO - ok----------------336
2018-09-06 00:46:23,606 - __main__ - INFO - ok----------------337
2018-09-06 00:56:26,909 - __main__ - INFO - ok----------------338
2018-09-06 01:06:34,554 - __main__ - INFO - ok----------------339
2018-09-06 01:16:40,320 - __main__ - INFO - ok----------------340
2018-09-06 01:26:46,284 - __main__ - INFO - ok----------------341
2018-09-06 01:36:51,182 - __main__ - INFO - ok----------------342
2018-09-06 01:46:54,750 - __main__ - INFO - ok----------------343
2018-09-06 01:57:03,641 - __main__ - INFO - ok----------------344
2018-09-06 02:07:10,074 - __main__ - INFO - ok----------------345
2018-09-06 02:17:13,234 - __main__ - INFO - ok----------------346
2018-09-06 02:27:19,888 - __main__ - INFO - ok----------------347
2018-09-06 02:37:23,226 - __main__ - INFO - ok----------------348
2018-09-06 02:47:29,742 - __main__ - INFO - ok----------------349
2018-09-06 02:57:32,916 - __main__ - INFO - ok----------------350
2018-09-06 03:07:36,315 - __main__ - INFO - ok----------------351
2018-09-06 03:17:39,992 - __main__ - INFO - ok----------------352
2018-09-06 03:27:43,080 - __main__ - INFO - ok----------------353
2018-09-06 03:37:46,683 - __main__ - INFO - ok----------------354
2018-09-06 03:47:51,909 - __main__ - INFO - ok----------------355
2018-09-06 03:57:55,192 - __main__ - INFO - ok----------------356
2018-09-06 04:07:58,438 - __main__ - INFO - ok----------------357
2018-09-06 04:18:02,282 - __main__ - INFO - ok----------------358
2018-09-06 04:28:07,316 - __main__ - INFO - ok----------------359
2018-09-06 04:38:11,719 - __main__ - INFO - ok----------------360
2018-09-06 04:48:15,784 - __main__ - INFO - ok----------------361
2018-09-06 04:58:19,186 - __main__ - INFO - ok----------------362
2018-09-06 05:08:22,523 - __main__ - INFO - ok----------------363
2018-09-06 05:18:26,711 - __main__ - INFO - ok----------------364
2018-09-06 05:28:36,984 - __main__ - INFO - ok----------------365
2018-09-06 05:38:41,934 - __main__ - INFO - ok----------------366
2018-09-06 05:48:46,829 - __main__ - INFO - ok----------------367
2018-09-06 05:58:50,655 - __main__ - INFO - ok----------------368
2018-09-06 06:08:53,921 - __main__ - INFO - ok----------------369
2018-09-06 06:18:57,338 - __main__ - INFO - ok----------------370
2018-09-06 06:29:00,611 - __main__ - INFO - ok----------------371
2018-09-06 06:39:03,676 - __main__ - INFO - ok----------------372
2018-09-06 06:49:31,751 - __main__ - INFO - ok----------------373
2018-09-06 06:59:35,663 - __main__ - INFO - ok----------------374
2018-09-06 07:09:39,341 - __main__ - INFO - ok----------------375
2018-09-06 07:19:42,573 - __main__ - INFO - ok----------------376
2018-09-06 07:29:46,282 - __main__ - INFO - ok----------------377
2018-09-06 07:39:49,991 - __main__ - INFO - ok----------------378
2018-09-06 07:49:53,887 - __main__ - INFO - ok----------------379
2018-09-06 07:59:57,566 - __main__ - INFO - ok----------------380
2018-09-06 08:10:00,848 - __main__ - INFO - ok----------------381
2018-09-06 08:20:04,096 - __main__ - INFO - ok----------------382
2018-09-06 08:30:07,271 - __main__ - INFO - ok----------------383
2018-09-06 08:40:10,655 - __main__ - INFO - ok----------------384
2018-09-06 08:50:14,132 - __main__ - INFO - ok----------------385
2018-09-06 09:00:18,255 - __main__ - INFO - ok----------------386
2018-09-06 09:10:45,048 - __main__ - INFO - ok----------------387
2018-09-06 09:20:48,210 - __main__ - INFO - ok----------------388
2018-09-06 09:30:51,335 - __main__ - INFO - ok----------------389
2018-09-06 09:40:54,427 - __main__ - INFO - ok----------------390
2018-09-06 09:51:07,739 - __main__ - INFO - ok----------------391
2018-09-06 10:01:11,085 - __main__ - INFO - ok----------------392
2018-09-06 10:11:14,275 - __main__ - INFO - ok----------------393
2018-09-06 10:21:17,193 - __main__ - INFO - ok----------------394
2018-09-06 10:31:20,148 - __main__ - INFO - ok----------------395
2018-09-06 10:41:27,745 - __main__ - INFO - ok----------------396
2018-09-06 10:51:32,125 - __main__ - INFO - ok----------------397
2018-09-06 11:01:40,093 - __main__ - INFO - ok----------------398
2018-09-06 11:11:42,937 - __main__ - INFO - ok----------------399
2018-09-06 11:21:46,228 - __main__ - INFO - ok----------------400
2018-09-06 11:31:49,073 - __main__ - INFO - ok----------------401
2018-09-06 11:41:52,245 - __main__ - INFO - ok----------------402
2018-09-06 11:51:56,366 - __main__ - INFO - ok----------------403
2018-09-06 12:01:59,318 - __main__ - INFO - ok----------------404
2018-09-06 12:12:02,171 - __main__ - INFO - ok----------------405
2018-09-06 12:22:05,088 - __main__ - INFO - ok----------------406
2018-09-06 12:32:08,244 - __main__ - INFO - ok----------------407
2018-09-06 12:42:11,568 - __main__ - INFO - ok----------------408
2018-09-06 12:52:14,733 - __main__ - INFO - ok----------------409
2018-09-06 13:02:18,149 - __main__ - INFO - ok----------------410
2018-09-06 13:12:25,761 - __main__ - INFO - ok----------------411
2018-09-06 13:22:29,495 - __main__ - INFO - ok----------------412
2018-09-06 13:32:32,828 - __main__ - INFO - ok----------------413
2018-09-06 13:43:03,919 - __main__ - INFO - ok----------------414
2018-09-06 13:53:10,512 - __main__ - INFO - ok----------------415
2018-09-06 14:03:13,839 - __main__ - INFO - ok----------------416
2018-09-06 14:13:17,958 - __main__ - INFO - ok----------------417
2018-09-06 14:23:22,299 - __main__ - INFO - ok----------------418
2018-09-06 14:33:25,545 - __main__ - INFO - ok----------------419
2018-09-06 14:43:40,641 - __main__ - INFO - ok----------------420
2018-09-06 14:53:44,054 - __main__ - INFO - ok----------------421
2018-09-06 15:03:47,721 - __main__ - INFO - ok----------------422
2018-09-06 15:13:50,758 - __main__ - INFO - ok----------------423
2018-09-06 15:23:54,242 - __main__ - INFO - ok----------------424
2018-09-06 15:33:57,428 - __main__ - INFO - ok----------------425
2018-09-06 15:44:00,513 - __main__ - INFO - ok----------------426
2018-09-06 15:54:03,505 - __main__ - INFO - ok----------------427
2018-09-06 16:04:06,799 - __main__ - INFO - ok----------------428
2018-09-06 16:14:09,821 - __main__ - INFO - ok----------------429
2018-09-06 16:24:12,719 - __main__ - INFO - ok----------------430
2018-09-06 16:34:15,962 - __main__ - INFO - ok----------------431
2018-09-06 16:44:20,444 - __main__ - INFO - ok----------------432
2018-09-06 16:54:24,408 - __main__ - INFO - ok----------------433
2018-09-06 17:04:27,347 - __main__ - INFO - ok----------------434
2018-09-06 17:14:30,453 - __main__ - INFO - ok----------------435
2018-09-06 17:24:34,052 - __main__ - INFO - ok----------------436
2018-09-06 17:34:37,161 - __main__ - INFO - ok----------------437
2018-09-06 17:44:41,022 - __main__ - INFO - ok----------------438
2018-09-06 17:54:44,633 - __main__ - INFO - ok----------------439
2018-09-06 18:04:47,920 - __main__ - INFO - ok----------------440
2018-09-06 18:14:51,528 - __main__ - INFO - ok----------------441
2018-09-06 18:24:54,870 - __main__ - INFO - ok----------------442
2018-09-06 18:34:58,144 - __main__ - INFO - ok----------------443
2018-09-06 18:45:01,868 - __main__ - INFO - ok----------------444
2018-09-06 18:55:05,402 - __main__ - INFO - ok----------------445
2018-09-06 19:05:09,028 - __main__ - INFO - ok----------------446
2018-09-06 19:15:12,225 - __main__ - INFO - ok----------------447
2018-09-06 19:25:15,182 - __main__ - INFO - ok----------------448
2018-09-06 19:35:18,474 - __main__ - INFO - ok----------------449
2018-09-06 19:45:22,183 - __main__ - INFO - ok----------------450
2018-09-06 19:55:33,046 - __main__ - INFO - ok----------------451
2018-09-06 20:05:41,194 - __main__ - INFO - ok----------------452
2018-09-06 20:15:44,489 - __main__ - INFO - ok----------------453
2018-09-06 20:25:47,832 - __main__ - INFO - ok----------------454
2018-09-06 20:35:51,384 - __main__ - INFO - ok----------------455
2018-09-06 20:45:54,530 - __main__ - INFO - ok----------------456
2018-09-06 20:55:58,384 - __main__ - INFO - ok----------------457
2018-09-06 21:06:08,672 - __main__ - INFO - ok----------------458
2018-09-06 21:16:12,146 - __main__ - INFO - ok----------------459
2018-09-06 21:26:15,634 - __main__ - INFO - ok----------------460
2018-09-06 21:36:25,599 - __main__ - INFO - ok----------------461
2018-09-06 21:46:33,885 - __main__ - INFO - ok----------------462
2018-09-06 21:56:37,423 - __main__ - INFO - ok----------------463
2018-09-06 22:06:57,802 - __main__ - INFO - ok----------------464
2018-09-06 22:17:03,901 - __main__ - INFO - ok----------------465
2018-09-06 22:27:27,422 - __main__ - INFO - ok----------------466
2018-09-06 22:37:48,072 - __main__ - INFO - ok----------------467
2018-09-06 22:47:59,911 - __main__ - INFO - ok----------------468
2018-09-06 22:58:06,336 - __main__ - INFO - ok----------------469
2018-09-06 23:08:38,526 - __main__ - INFO - ok----------------470
2018-09-06 23:19:21,273 - __main__ - INFO - ok----------------471
2018-09-06 23:29:25,282 - __main__ - INFO - ok----------------472
2018-09-06 23:39:39,133 - __main__ - INFO - ok----------------473
2018-09-06 23:49:42,037 - __main__ - INFO - ok----------------474
2018-09-06 23:59:44,954 - __main__ - INFO - ok----------------475
2018-09-07 00:10:11,541 - __main__ - INFO - ok----------------476
2018-09-07 00:20:28,614 - __main__ - INFO - ok----------------477
2018-09-07 00:30:32,047 - __main__ - INFO - ok----------------478
2018-09-07 00:41:18,786 - __main__ - INFO - ok----------------479
2018-09-07 00:51:27,826 - __main__ - INFO - ok----------------480
2018-09-07 01:01:48,652 - __main__ - INFO - ok----------------481
2018-09-07 01:11:55,624 - __main__ - INFO - ok----------------482
2018-09-07 01:22:08,686 - __main__ - INFO - ok----------------483
2018-09-07 01:32:12,284 - __main__ - INFO - ok----------------484
2018-09-07 01:42:15,900 - __main__ - INFO - ok----------------485
2018-09-07 01:52:22,211 - __main__ - INFO - ok----------------486
2018-09-07 02:02:25,620 - __main__ - INFO - ok----------------487
2018-09-07 02:12:29,402 - __main__ - INFO - ok----------------488
2018-09-07 02:22:32,724 - __main__ - INFO - ok----------------489
2018-09-07 02:32:45,634 - __main__ - INFO - ok----------------490
2018-09-07 02:42:49,068 - __main__ - INFO - ok----------------491
2018-09-07 02:53:03,913 - __main__ - INFO - ok----------------492
2018-09-07 03:03:06,833 - __main__ - INFO - ok----------------493
2018-09-07 03:13:09,719 - __main__ - INFO - ok----------------494
2018-09-07 03:23:12,948 - __main__ - INFO - ok----------------495
2018-09-07 03:33:19,990 - __main__ - INFO - ok----------------496
2018-09-07 03:43:23,359 - __main__ - INFO - ok----------------497
2018-09-07 03:53:26,371 - __main__ - INFO - ok----------------498
2018-09-07 04:03:29,270 - __main__ - INFO - ok----------------499
2018-09-07 04:13:32,154 - __main__ - INFO - ok----------------500
2018-09-07 04:23:35,185 - __main__ - INFO - ok----------------501
2018-09-07 04:33:38,110 - __main__ - INFO - ok----------------502
2018-09-07 04:43:41,579 - __main__ - INFO - ok----------------503
2018-09-07 04:53:44,517 - __main__ - INFO - ok----------------504
2018-09-07 05:03:47,665 - __main__ - INFO - ok----------------505
2018-09-07 05:13:51,511 - __main__ - INFO - ok----------------506
2018-09-07 05:23:54,580 - __main__ - INFO - ok----------------507
2018-09-07 05:33:57,872 - __main__ - INFO - ok----------------508
2018-09-07 05:44:00,873 - __main__ - INFO - ok----------------509
2018-09-07 05:54:04,339 - __main__ - INFO - ok----------------510
2018-09-07 06:04:07,634 - __main__ - INFO - ok----------------511
2018-09-07 06:14:11,283 - __main__ - INFO - ok----------------512
2018-09-07 06:24:14,493 - __main__ - INFO - ok----------------513
2018-09-07 06:34:18,707 - __main__ - INFO - ok----------------514
2018-09-07 06:44:21,550 - __main__ - INFO - ok----------------515
2018-09-07 06:54:24,428 - __main__ - INFO - ok----------------516
2018-09-07 07:04:27,283 - __main__ - INFO - ok----------------517
2018-09-07 07:14:30,142 - __main__ - INFO - ok----------------518
2018-09-07 07:24:33,023 - __main__ - INFO - ok----------------519
2018-09-07 07:34:35,890 - __main__ - INFO - ok----------------520
2018-09-07 07:44:38,756 - __main__ - INFO - ok----------------521
2018-09-07 07:54:41,617 - __main__ - INFO - ok----------------522
2018-09-07 08:04:44,509 - __main__ - INFO - ok----------------523
2018-09-07 08:14:47,705 - __main__ - INFO - ok----------------524
2018-09-07 08:24:50,574 - __main__ - INFO - ok----------------525
2018-09-07 08:34:53,434 - __main__ - INFO - ok----------------526
2018-09-07 08:44:59,832 - __main__ - INFO - ok----------------527
2018-09-07 08:55:02,715 - __main__ - INFO - ok----------------528
2018-09-07 09:05:06,212 - __main__ - INFO - ok----------------529
2018-09-07 09:15:09,499 - __main__ - INFO - ok----------------530
2018-09-07 09:25:13,483 - __main__ - INFO - ok----------------531
2018-09-07 09:35:17,028 - __main__ - INFO - ok----------------532
2018-09-07 09:45:57,984 - __main__ - INFO - ok----------------533
2018-09-07 09:56:03,001 - __main__ - INFO - ok----------------534
2018-09-07 10:06:19,219 - __main__ - INFO - ok----------------535
2018-09-07 10:16:22,384 - __main__ - INFO - ok----------------536
2018-09-07 10:26:25,435 - __main__ - INFO - ok----------------537
2018-09-07 10:36:29,187 - __main__ - INFO - ok----------------538
2018-09-07 10:46:32,778 - __main__ - INFO - ok----------------539
2018-09-07 10:55:51,100 - __main__ - INFO - ok----------------1
2018-09-07 10:56:36,645 - __main__ - INFO - ok----------------1
2018-09-07 10:56:59,137 - __main__ - INFO - ok----------------1
2018-09-07 10:58:43,464 - __main__ - INFO - ok----------------1
2018-09-07 11:02:08,612 - __main__ - INFO - ok----------------1
2018-09-07 11:02:09,634 - __main__ - ERROR - Traceback (most recent call last):
  File "F:/scribe2/Client/app.py", line 42, in <module>
    time.sleep(AccountService.get_delaytime() * 60)
  File "F:/scribe2/Client\Service\AccountService.py", line 36, in get_delaytime
    raise exception_utils.ServerErrorException(json.dumps(resp.content.decode('utf-8')))
Utils.exception_utils.ServerErrorException: "<!DOCTYPE HTML PUBLIC \"-//W3C//DTD HTML 3.2 Final//EN\">\n<title>404 Not Found</title>\n<h1>Not Found</h1>\n<p>The requested URL was not found on the server.  If you entered the URL manually please check your spelling and try again.</p>\n"

2018-09-07 11:02:11,858 - __main__ - INFO - ok----------------2
2018-09-07 11:02:12,872 - __main__ - ERROR - Traceback (most recent call last):
  File "F:/scribe2/Client/app.py", line 42, in <module>
    time.sleep(AccountService.get_delaytime() * 60)
  File "F:/scribe2/Client\Service\AccountService.py", line 36, in get_delaytime
    raise exception_utils.ServerErrorException(json.dumps(resp.content.decode('utf-8')))
Utils.exception_utils.ServerErrorException: "<!DOCTYPE HTML PUBLIC \"-//W3C//DTD HTML 3.2 Final//EN\">\n<title>404 Not Found</title>\n<h1>Not Found</h1>\n<p>The requested URL was not found on the server.  If you entered the URL manually please check your spelling and try again.</p>\n"

2018-09-07 11:02:15,105 - __main__ - INFO - ok----------------3
2018-09-07 11:02:16,120 - __main__ - ERROR - Traceback (most recent call last):
  File "F:/scribe2/Client/app.py", line 42, in <module>
    time.sleep(AccountService.get_delaytime() * 60)
  File "F:/scribe2/Client\Service\AccountService.py", line 36, in get_delaytime
    raise exception_utils.ServerErrorException(json.dumps(resp.content.decode('utf-8')))
Utils.exception_utils.ServerErrorException: "<!DOCTYPE HTML PUBLIC \"-//W3C//DTD HTML 3.2 Final//EN\">\n<title>404 Not Found</title>\n<h1>Not Found</h1>\n<p>The requested URL was not found on the server.  If you entered the URL manually please check your spelling and try again.</p>\n"

2018-09-07 11:02:18,375 - __main__ - INFO - ok----------------4
2018-09-07 11:03:07,236 - __main__ - INFO - ok----------------1
2018-09-07 11:03:08,258 - __main__ - ERROR - Traceback (most recent call last):
  File "F:/scribe2/Client/app.py", line 42, in <module>
    time.sleep(AccountService.get_delaytime() * 60)
  File "F:/scribe2/Client\Service\AccountService.py", line 36, in get_delaytime
    raise exception_utils.ServerErrorException(json.dumps(resp.content.decode('utf-8')))
Utils.exception_utils.ServerErrorException: "<!DOCTYPE HTML PUBLIC \"-//W3C//DTD HTML 3.2 Final//EN\">\n<title>404 Not Found</title>\n<h1>Not Found</h1>\n<p>The requested URL was not found on the server.  If you entered the URL manually please check your spelling and try again.</p>\n"

2018-09-07 11:03:19,703 - __main__ - INFO - ok----------------2
2018-09-07 11:03:20,710 - __main__ - ERROR - Traceback (most recent call last):
  File "F:/scribe2/Client/app.py", line 42, in <module>
    time.sleep(AccountService.get_delaytime() * 60)
  File "F:/scribe2/Client\Service\AccountService.py", line 36, in get_delaytime
    raise exception_utils.ServerErrorException(json.dumps(resp.content.decode('utf-8')))
Utils.exception_utils.ServerErrorException: "<!DOCTYPE HTML PUBLIC \"-//W3C//DTD HTML 3.2 Final//EN\">\n<title>404 Not Found</title>\n<h1>Not Found</h1>\n<p>The requested URL was not found on the server.  If you entered the URL manually please check your spelling and try again.</p>\n"

2018-09-07 11:03:23,118 - __main__ - INFO - ok----------------3
2018-09-07 11:03:24,133 - __main__ - ERROR - Traceback (most recent call last):
  File "F:/scribe2/Client/app.py", line 42, in <module>
    time.sleep(AccountService.get_delaytime() * 60)
  File "F:/scribe2/Client\Service\AccountService.py", line 36, in get_delaytime
    raise exception_utils.ServerErrorException(json.dumps(resp.content.decode('utf-8')))
Utils.exception_utils.ServerErrorException: "<!DOCTYPE HTML PUBLIC \"-//W3C//DTD HTML 3.2 Final//EN\">\n<title>404 Not Found</title>\n<h1>Not Found</h1>\n<p>The requested URL was not found on the server.  If you entered the URL manually please check your spelling and try again.</p>\n"

2018-09-07 11:04:08,942 - __main__ - INFO - ok----------------1
2018-09-07 11:04:09,970 - __main__ - ERROR - Traceback (most recent call last):
  File "F:/scribe2/Client/app.py", line 42, in <module>
    time.sleep(AccountService.get_delaytime() * 60)
  File "F:/scribe2/Client\Service\AccountService.py", line 36, in get_delaytime
    raise exception_utils.ServerErrorException(json.dumps(resp.content.decode('utf-8')))
Utils.exception_utils.ServerErrorException: "<!DOCTYPE HTML PUBLIC \"-//W3C//DTD HTML 3.2 Final//EN\">\n<title>404 Not Found</title>\n<h1>Not Found</h1>\n<p>The requested URL was not found on the server.  If you entered the URL manually please check your spelling and try again.</p>\n"

2018-09-07 11:04:14,300 - __main__ - INFO - ok----------------2
2018-09-07 11:06:04,598 - __main__ - INFO - ok----------------1
2018-09-07 11:06:05,694 - __main__ - ERROR - Traceback (most recent call last):
  File "F:/scribe2/Client/app.py", line 42, in <module>
    time.sleep(AccountService.get_delaytime() * 60)
  File "F:/scribe2/Client\Service\AccountService.py", line 36, in get_delaytime
    raise exception_utils.ServerErrorException(json.dumps(resp.content.decode('utf-8')))
Utils.exception_utils.ServerErrorException: "<!DOCTYPE HTML PUBLIC \"-//W3C//DTD HTML 3.2 Final//EN\">\n<title>404 Not Found</title>\n<h1>Not Found</h1>\n<p>The requested URL was not found on the server.  If you entered the URL manually please check your spelling and try again.</p>\n"

2018-09-07 11:06:08,389 - __main__ - INFO - ok----------------2
2018-09-07 11:06:09,406 - __main__ - ERROR - Traceback (most recent call last):
  File "F:/scribe2/Client/app.py", line 42, in <module>
    time.sleep(AccountService.get_delaytime() * 60)
  File "F:/scribe2/Client\Service\AccountService.py", line 36, in get_delaytime
    raise exception_utils.ServerErrorException(json.dumps(resp.content.decode('utf-8')))
Utils.exception_utils.ServerErrorException: "<!DOCTYPE HTML PUBLIC \"-//W3C//DTD HTML 3.2 Final//EN\">\n<title>404 Not Found</title>\n<h1>Not Found</h1>\n<p>The requested URL was not found on the server.  If you entered the URL manually please check your spelling and try again.</p>\n"

2018-09-07 11:06:11,624 - __main__ - INFO - ok----------------3
2018-09-07 11:06:12,638 - __main__ - ERROR - Traceback (most recent call last):
  File "F:/scribe2/Client/app.py", line 42, in <module>
    time.sleep(AccountService.get_delaytime() * 60)
  File "F:/scribe2/Client\Service\AccountService.py", line 36, in get_delaytime
    raise exception_utils.ServerErrorException(json.dumps(resp.content.decode('utf-8')))
Utils.exception_utils.ServerErrorException: "<!DOCTYPE HTML PUBLIC \"-//W3C//DTD HTML 3.2 Final//EN\">\n<title>404 Not Found</title>\n<h1>Not Found</h1>\n<p>The requested URL was not found on the server.  If you entered the URL manually please check your spelling and try again.</p>\n"

2018-09-07 11:06:14,828 - __main__ - INFO - ok----------------4
2018-09-07 11:06:15,843 - __main__ - ERROR - Traceback (most recent call last):
  File "F:/scribe2/Client/app.py", line 42, in <module>
    time.sleep(AccountService.get_delaytime() * 60)
  File "F:/scribe2/Client\Service\AccountService.py", line 36, in get_delaytime
    raise exception_utils.ServerErrorException(json.dumps(resp.content.decode('utf-8')))
Utils.exception_utils.ServerErrorException: "<!DOCTYPE HTML PUBLIC \"-//W3C//DTD HTML 3.2 Final//EN\">\n<title>404 Not Found</title>\n<h1>Not Found</h1>\n<p>The requested URL was not found on the server.  If you entered the URL manually please check your spelling and try again.</p>\n"

2018-09-07 11:07:48,850 - __main__ - INFO - ok----------------1
2018-09-07 11:08:03,046 - __main__ - ERROR - Traceback (most recent call last):
  File "F:\scribe2\Client\venv\lib\site-packages\urllib3\connectionpool.py", line 600, in urlopen
    chunked=chunked)
  File "F:\scribe2\Client\venv\lib\site-packages\urllib3\connectionpool.py", line 384, in _make_request
    six.raise_from(e, None)
  File "<string>", line 2, in raise_from
  File "F:\scribe2\Client\venv\lib\site-packages\urllib3\connectionpool.py", line 380, in _make_request
    httplib_response = conn.getresponse()
  File "C:\Users\Administrator\AppData\Local\Programs\Python\Python36\lib\http\client.py", line 1331, in getresponse
    response.begin()
  File "C:\Users\Administrator\AppData\Local\Programs\Python\Python36\lib\http\client.py", line 297, in begin
    version, status, reason = self._read_status()
  File "C:\Users\Administrator\AppData\Local\Programs\Python\Python36\lib\http\client.py", line 258, in _read_status
    line = str(self.fp.readline(_MAXLINE + 1), "iso-8859-1")
  File "C:\Users\Administrator\AppData\Local\Programs\Python\Python36\lib\socket.py", line 586, in readinto
    return self._sock.recv_into(b)
ConnectionResetError: [WinError 10054] 远程主机强迫关闭了一个现有的连接。

During handling of the above exception, another exception occurred:

Traceback (most recent call last):
  File "F:\scribe2\Client\venv\lib\site-packages\requests\adapters.py", line 445, in send
    timeout=timeout
  File "F:\scribe2\Client\venv\lib\site-packages\urllib3\connectionpool.py", line 638, in urlopen
    _stacktrace=sys.exc_info()[2])
  File "F:\scribe2\Client\venv\lib\site-packages\urllib3\util\retry.py", line 367, in increment
    raise six.reraise(type(error), error, _stacktrace)
  File "F:\scribe2\Client\venv\lib\site-packages\urllib3\packages\six.py", line 685, in reraise
    raise value.with_traceback(tb)
  File "F:\scribe2\Client\venv\lib\site-packages\urllib3\connectionpool.py", line 600, in urlopen
    chunked=chunked)
  File "F:\scribe2\Client\venv\lib\site-packages\urllib3\connectionpool.py", line 384, in _make_request
    six.raise_from(e, None)
  File "<string>", line 2, in raise_from
  File "F:\scribe2\Client\venv\lib\site-packages\urllib3\connectionpool.py", line 380, in _make_request
    httplib_response = conn.getresponse()
  File "C:\Users\Administrator\AppData\Local\Programs\Python\Python36\lib\http\client.py", line 1331, in getresponse
    response.begin()
  File "C:\Users\Administrator\AppData\Local\Programs\Python\Python36\lib\http\client.py", line 297, in begin
    version, status, reason = self._read_status()
  File "C:\Users\Administrator\AppData\Local\Programs\Python\Python36\lib\http\client.py", line 258, in _read_status
    line = str(self.fp.readline(_MAXLINE + 1), "iso-8859-1")
  File "C:\Users\Administrator\AppData\Local\Programs\Python\Python36\lib\socket.py", line 586, in readinto
    return self._sock.recv_into(b)
urllib3.exceptions.ProtocolError: ('Connection aborted.', ConnectionResetError(10054, '远程主机强迫关闭了一个现有的连接。', None, 10054, None))

During handling of the above exception, another exception occurred:

Traceback (most recent call last):
  File "F:/scribe2/Client/app.py", line 42, in <module>
    time.sleep(AccountService.get_delaytime() * 60)
  File "F:/scribe2/Client\Service\AccountService.py", line 34, in get_delaytime
    resp = requests.get(Conf.server+'get_delaytime',params={'account':account,'password':password,'uuid':uuid})
  File "F:\scribe2\Client\venv\lib\site-packages\requests\api.py", line 72, in get
    return request('get', url, params=params, **kwargs)
  File "F:\scribe2\Client\venv\lib\site-packages\requests\api.py", line 58, in request
    return session.request(method=method, url=url, **kwargs)
  File "F:\scribe2\Client\venv\lib\site-packages\requests\sessions.py", line 512, in request
    resp = self.send(prep, **send_kwargs)
  File "F:\scribe2\Client\venv\lib\site-packages\requests\sessions.py", line 622, in send
    r = adapter.send(request, **kwargs)
  File "F:\scribe2\Client\venv\lib\site-packages\requests\adapters.py", line 495, in send
    raise ConnectionError(err, request=request)
requests.exceptions.ConnectionError: ('Connection aborted.', ConnectionResetError(10054, '远程主机强迫关闭了一个现有的连接。', None, 10054, None))

2018-09-07 11:08:05,285 - __main__ - INFO - ok----------------2
2018-09-07 11:08:07,300 - __main__ - ERROR - Traceback (most recent call last):
  File "F:\scribe2\Client\venv\lib\site-packages\urllib3\connection.py", line 171, in _new_conn
    (self._dns_host, self.port), self.timeout, **extra_kw)
  File "F:\scribe2\Client\venv\lib\site-packages\urllib3\util\connection.py", line 79, in create_connection
    raise err
  File "F:\scribe2\Client\venv\lib\site-packages\urllib3\util\connection.py", line 69, in create_connection
    sock.connect(sa)
ConnectionRefusedError: [WinError 10061] 由于目标计算机积极拒绝，无法连接。

During handling of the above exception, another exception occurred:

Traceback (most recent call last):
  File "F:\scribe2\Client\venv\lib\site-packages\urllib3\connectionpool.py", line 600, in urlopen
    chunked=chunked)
  File "F:\scribe2\Client\venv\lib\site-packages\urllib3\connectionpool.py", line 354, in _make_request
    conn.request(method, url, **httplib_request_kw)
  File "C:\Users\Administrator\AppData\Local\Programs\Python\Python36\lib\http\client.py", line 1239, in request
    self._send_request(method, url, body, headers, encode_chunked)
  File "C:\Users\Administrator\AppData\Local\Programs\Python\Python36\lib\http\client.py", line 1285, in _send_request
    self.endheaders(body, encode_chunked=encode_chunked)
  File "C:\Users\Administrator\AppData\Local\Programs\Python\Python36\lib\http\client.py", line 1234, in endheaders
    self._send_output(message_body, encode_chunked=encode_chunked)
  File "C:\Users\Administrator\AppData\Local\Programs\Python\Python36\lib\http\client.py", line 1026, in _send_output
    self.send(msg)
  File "C:\Users\Administrator\AppData\Local\Programs\Python\Python36\lib\http\client.py", line 964, in send
    self.connect()
  File "F:\scribe2\Client\venv\lib\site-packages\urllib3\connection.py", line 196, in connect
    conn = self._new_conn()
  File "F:\scribe2\Client\venv\lib\site-packages\urllib3\connection.py", line 180, in _new_conn
    self, "Failed to establish a new connection: %s" % e)
urllib3.exceptions.NewConnectionError: <urllib3.connection.HTTPConnection object at 0x00000000048E7668>: Failed to establish a new connection: [WinError 10061] 由于目标计算机积极拒绝，无法连接。

During handling of the above exception, another exception occurred:

Traceback (most recent call last):
  File "F:\scribe2\Client\venv\lib\site-packages\requests\adapters.py", line 445, in send
    timeout=timeout
  File "F:\scribe2\Client\venv\lib\site-packages\urllib3\connectionpool.py", line 638, in urlopen
    _stacktrace=sys.exc_info()[2])
  File "F:\scribe2\Client\venv\lib\site-packages\urllib3\util\retry.py", line 398, in increment
    raise MaxRetryError(_pool, url, error or ResponseError(cause))
urllib3.exceptions.MaxRetryError: HTTPConnectionPool(host='localhost', port=5083): Max retries exceeded with url: /get_delaytime?account=ccw&password=123qwe111&uuid=3d23f87a-b24b-11e8-b50d-005056c00008 (Caused by NewConnectionError('<urllib3.connection.HTTPConnection object at 0x00000000048E7668>: Failed to establish a new connection: [WinError 10061] 由于目标计算机积极拒绝，无法连接。',))

During handling of the above exception, another exception occurred:

Traceback (most recent call last):
  File "F:/scribe2/Client/app.py", line 42, in <module>
    time.sleep(AccountService.get_delaytime() * 60)
  File "F:/scribe2/Client\Service\AccountService.py", line 34, in get_delaytime
    resp = requests.get(Conf.server+'get_delaytime',params={'account':account,'password':password,'uuid':uuid})
  File "F:\scribe2\Client\venv\lib\site-packages\requests\api.py", line 72, in get
    return request('get', url, params=params, **kwargs)
  File "F:\scribe2\Client\venv\lib\site-packages\requests\api.py", line 58, in request
    return session.request(method=method, url=url, **kwargs)
  File "F:\scribe2\Client\venv\lib\site-packages\requests\sessions.py", line 512, in request
    resp = self.send(prep, **send_kwargs)
  File "F:\scribe2\Client\venv\lib\site-packages\requests\sessions.py", line 622, in send
    r = adapter.send(request, **kwargs)
  File "F:\scribe2\Client\venv\lib\site-packages\requests\adapters.py", line 513, in send
    raise ConnectionError(e, request=request)
requests.exceptions.ConnectionError: HTTPConnectionPool(host='localhost', port=5083): Max retries exceeded with url: /get_delaytime?account=ccw&password=123qwe111&uuid=3d23f87a-b24b-11e8-b50d-005056c00008 (Caused by NewConnectionError('<urllib3.connection.HTTPConnection object at 0x00000000048E7668>: Failed to establish a new connection: [WinError 10061] 由于目标计算机积极拒绝，无法连接。',))

2018-09-07 11:08:10,082 - __main__ - INFO - ok----------------3
2018-09-07 11:08:41,526 - __main__ - INFO - ok----------------1
2018-09-07 11:08:55,825 - __main__ - ERROR - Traceback (most recent call last):
  File "F:/scribe2/Client/app.py", line 42, in <module>
    time.sleep(AccountService.get_delaytime() * 60)
  File "F:/scribe2/Client\Service\AccountService.py", line 36, in get_delaytime
    raise exception_utils.ServerErrorException(json.dumps(resp.content.decode('utf-8')))
Utils.exception_utils.ServerErrorException: "\u5bc6\u7801\u4e0d\u6b63\u786e"

2018-09-07 11:08:58,057 - __main__ - INFO - ok----------------2
2018-09-07 11:13:18,544 - __main__ - ERROR - Traceback (most recent call last):
  File "F:/scribe2/Client/app.py", line 42, in <module>
    time.sleep(AccountService.get_delaytime() * 60)
  File "F:/scribe2/Client\Service\AccountService.py", line 36, in get_delaytime
    raise exception_utils.ServerErrorException(resp.content.decode('utf-8'))
Utils.exception_utils.ServerErrorException: "\u5bc6\u7801\u4e0d\u6b63\u786e"

2018-09-07 11:13:24,751 - __main__ - INFO - ok----------------1
2018-09-07 11:13:27,993 - __main__ - ERROR - Traceback (most recent call last):
  File "F:/scribe2/Client/app.py", line 42, in <module>
    time.sleep(AccountService.get_delaytime() * 60)
  File "F:/scribe2/Client\Service\AccountService.py", line 36, in get_delaytime
    raise exception_utils.ServerErrorException(resp.content.decode('utf-8'))
Utils.exception_utils.ServerErrorException: 密码不正确

2018-09-07 11:13:29,858 - __main__ - INFO - ok----------------2
2018-09-07 11:13:32,724 - __main__ - ERROR - Traceback (most recent call last):
  File "F:/scribe2/Client/app.py", line 42, in <module>
    time.sleep(AccountService.get_delaytime() * 60)
  File "F:/scribe2/Client\Service\AccountService.py", line 36, in get_delaytime
    raise exception_utils.ServerErrorException(resp.content.decode('utf-8'))
Utils.exception_utils.ServerErrorException: 密码不正确

2018-09-07 11:13:34,584 - __main__ - INFO - ok----------------3
2018-09-07 11:23:23,840 - __main__ - INFO - ok----------------1
2018-09-07 11:23:25,938 - __main__ - ERROR - Traceback (most recent call last):
  File "F:\scribe2\Client\venv\lib\site-packages\urllib3\connection.py", line 171, in _new_conn
    (self._dns_host, self.port), self.timeout, **extra_kw)
  File "F:\scribe2\Client\venv\lib\site-packages\urllib3\util\connection.py", line 79, in create_connection
    raise err
  File "F:\scribe2\Client\venv\lib\site-packages\urllib3\util\connection.py", line 69, in create_connection
    sock.connect(sa)
ConnectionRefusedError: [WinError 10061] 由于目标计算机积极拒绝，无法连接。

During handling of the above exception, another exception occurred:

Traceback (most recent call last):
  File "F:\scribe2\Client\venv\lib\site-packages\urllib3\connectionpool.py", line 600, in urlopen
    chunked=chunked)
  File "F:\scribe2\Client\venv\lib\site-packages\urllib3\connectionpool.py", line 354, in _make_request
    conn.request(method, url, **httplib_request_kw)
  File "C:\Users\Administrator\AppData\Local\Programs\Python\Python36\lib\http\client.py", line 1239, in request
    self._send_request(method, url, body, headers, encode_chunked)
  File "C:\Users\Administrator\AppData\Local\Programs\Python\Python36\lib\http\client.py", line 1285, in _send_request
    self.endheaders(body, encode_chunked=encode_chunked)
  File "C:\Users\Administrator\AppData\Local\Programs\Python\Python36\lib\http\client.py", line 1234, in endheaders
    self._send_output(message_body, encode_chunked=encode_chunked)
  File "C:\Users\Administrator\AppData\Local\Programs\Python\Python36\lib\http\client.py", line 1026, in _send_output
    self.send(msg)
  File "C:\Users\Administrator\AppData\Local\Programs\Python\Python36\lib\http\client.py", line 964, in send
    self.connect()
  File "F:\scribe2\Client\venv\lib\site-packages\urllib3\connection.py", line 196, in connect
    conn = self._new_conn()
  File "F:\scribe2\Client\venv\lib\site-packages\urllib3\connection.py", line 180, in _new_conn
    self, "Failed to establish a new connection: %s" % e)
urllib3.exceptions.NewConnectionError: <urllib3.connection.HTTPConnection object at 0x000000000484BB70>: Failed to establish a new connection: [WinError 10061] 由于目标计算机积极拒绝，无法连接。

During handling of the above exception, another exception occurred:

Traceback (most recent call last):
  File "F:\scribe2\Client\venv\lib\site-packages\requests\adapters.py", line 445, in send
    timeout=timeout
  File "F:\scribe2\Client\venv\lib\site-packages\urllib3\connectionpool.py", line 638, in urlopen
    _stacktrace=sys.exc_info()[2])
  File "F:\scribe2\Client\venv\lib\site-packages\urllib3\util\retry.py", line 398, in increment
    raise MaxRetryError(_pool, url, error or ResponseError(cause))
urllib3.exceptions.MaxRetryError: HTTPConnectionPool(host='localhost', port=5083): Max retries exceeded with url: /get_delaytime?account=ccw&password=123qwe&uuid=60a45728-b24d-11e8-be79-005056c00008 (Caused by NewConnectionError('<urllib3.connection.HTTPConnection object at 0x000000000484BB70>: Failed to establish a new connection: [WinError 10061] 由于目标计算机积极拒绝，无法连接。',))

During handling of the above exception, another exception occurred:

Traceback (most recent call last):
  File "F:/scribe2/Client/app.py", line 42, in <module>
    time.sleep(AccountService.get_delaytime() * 60)
  File "F:/scribe2/Client\Service\AccountService.py", line 34, in get_delaytime
    resp = requests.get(Conf.server+'get_delaytime',params={'account':account,'password':password,'uuid':uuid})
  File "F:\scribe2\Client\venv\lib\site-packages\requests\api.py", line 72, in get
    return request('get', url, params=params, **kwargs)
  File "F:\scribe2\Client\venv\lib\site-packages\requests\api.py", line 58, in request
    return session.request(method=method, url=url, **kwargs)
  File "F:\scribe2\Client\venv\lib\site-packages\requests\sessions.py", line 512, in request
    resp = self.send(prep, **send_kwargs)
  File "F:\scribe2\Client\venv\lib\site-packages\requests\sessions.py", line 622, in send
    r = adapter.send(request, **kwargs)
  File "F:\scribe2\Client\venv\lib\site-packages\requests\adapters.py", line 513, in send
    raise ConnectionError(e, request=request)
requests.exceptions.ConnectionError: HTTPConnectionPool(host='localhost', port=5083): Max retries exceeded with url: /get_delaytime?account=ccw&password=123qwe&uuid=60a45728-b24d-11e8-be79-005056c00008 (Caused by NewConnectionError('<urllib3.connection.HTTPConnection object at 0x000000000484BB70>: Failed to establish a new connection: [WinError 10061] 由于目标计算机积极拒绝，无法连接。',))

2018-09-07 11:23:27,963 - __main__ - INFO - ok----------------2
2018-09-19 18:02:16,108 - __main__ - INFO - ok----------------1
2018-09-19 18:12:23,194 - __main__ - INFO - ok----------------2
2018-09-19 18:22:36,367 - Utils.log_utils - WARNING - Traceback (most recent call last):
  File "F:\scribe2\Client\venv\lib\site-packages\urllib3\connectionpool.py", line 343, in _make_request
    self._validate_conn(conn)
  File "F:\scribe2\Client\venv\lib\site-packages\urllib3\connectionpool.py", line 849, in _validate_conn
    conn.connect()
  File "F:\scribe2\Client\venv\lib\site-packages\urllib3\connection.py", line 356, in connect
    ssl_context=context)
  File "F:\scribe2\Client\venv\lib\site-packages\urllib3\util\ssl_.py", line 359, in ssl_wrap_socket
    return context.wrap_socket(sock, server_hostname=server_hostname)
  File "C:\Users\Administrator\AppData\Local\Programs\Python\Python36\lib\ssl.py", line 407, in wrap_socket
    _context=self, _session=session)
  File "C:\Users\Administrator\AppData\Local\Programs\Python\Python36\lib\ssl.py", line 814, in __init__
    self.do_handshake()
  File "C:\Users\Administrator\AppData\Local\Programs\Python\Python36\lib\ssl.py", line 1068, in do_handshake
    self._sslobj.do_handshake()
  File "C:\Users\Administrator\AppData\Local\Programs\Python\Python36\lib\ssl.py", line 689, in do_handshake
    self._sslobj.do_handshake()
socket.timeout: _ssl.c:761: The handshake operation timed out

During handling of the above exception, another exception occurred:

Traceback (most recent call last):
  File "F:\scribe2\Client\venv\lib\site-packages\requests\adapters.py", line 445, in send
    timeout=timeout
  File "F:\scribe2\Client\venv\lib\site-packages\urllib3\connectionpool.py", line 638, in urlopen
    _stacktrace=sys.exc_info()[2])
  File "F:\scribe2\Client\venv\lib\site-packages\urllib3\util\retry.py", line 367, in increment
    raise six.reraise(type(error), error, _stacktrace)
  File "F:\scribe2\Client\venv\lib\site-packages\urllib3\packages\six.py", line 686, in reraise
    raise value
  File "F:\scribe2\Client\venv\lib\site-packages\urllib3\connectionpool.py", line 600, in urlopen
    chunked=chunked)
  File "F:\scribe2\Client\venv\lib\site-packages\urllib3\connectionpool.py", line 346, in _make_request
    self._raise_timeout(err=e, url=url, timeout_value=conn.timeout)
  File "F:\scribe2\Client\venv\lib\site-packages\urllib3\connectionpool.py", line 306, in _raise_timeout
    raise ReadTimeoutError(self, url, "Read timed out. (read timeout=%s)" % timeout_value)
urllib3.exceptions.ReadTimeoutError: SOCKSHTTPSConnectionPool(host='www.google.com', port=443): Read timed out. (read timeout=10)

During handling of the above exception, another exception occurred:

Traceback (most recent call last):
  File "F:/scribe2/Client\Service\ProxyService.py", line 94, in test_ok
    timeout=10)
  File "F:\scribe2\Client\venv\lib\site-packages\requests\api.py", line 72, in get
    return request('get', url, params=params, **kwargs)
  File "F:\scribe2\Client\venv\lib\site-packages\requests\api.py", line 58, in request
    return session.request(method=method, url=url, **kwargs)
  File "F:\scribe2\Client\venv\lib\site-packages\requests\sessions.py", line 512, in request
    resp = self.send(prep, **send_kwargs)
  File "F:\scribe2\Client\venv\lib\site-packages\requests\sessions.py", line 622, in send
    r = adapter.send(request, **kwargs)
  File "F:\scribe2\Client\venv\lib\site-packages\requests\adapters.py", line 526, in send
    raise ReadTimeout(e, request=request)
requests.exceptions.ReadTimeout: SOCKSHTTPSConnectionPool(host='www.google.com', port=443): Read timed out. (read timeout=10)

2018-09-19 18:23:43,965 - __main__ - INFO - ok----------------3
2018-09-19 18:33:48,574 - __main__ - INFO - ok----------------4
2018-09-19 18:44:04,922 - __main__ - INFO - ok----------------5
2018-09-19 18:54:09,062 - __main__ - INFO - ok----------------6
2018-09-19 19:04:25,736 - __main__ - INFO - ok----------------7
2018-09-19 19:14:51,188 - __main__ - INFO - ok----------------8
2018-09-19 19:24:55,568 - __main__ - INFO - ok----------------9
2018-09-19 19:35:37,281 - __main__ - INFO - ok----------------10
2018-09-19 19:45:46,078 - __main__ - INFO - ok----------------11
2018-09-19 19:57:48,627 - __main__ - INFO - ok----------------12
2018-09-19 20:07:51,962 - __main__ - INFO - ok----------------13
2018-09-19 20:17:55,535 - __main__ - INFO - ok----------------14
2018-09-19 20:27:58,638 - __main__ - INFO - ok----------------15
2018-09-19 20:38:49,897 - __main__ - INFO - ok----------------16
2018-09-19 20:48:55,873 - __main__ - INFO - ok----------------17
2018-09-19 20:59:09,149 - __main__ - INFO - ok----------------18
2018-09-19 21:10:53,339 - __main__ - INFO - ok----------------19
2018-09-19 21:20:57,564 - __main__ - INFO - ok----------------20
2018-09-19 21:31:02,454 - __main__ - INFO - ok----------------21
2018-09-19 21:41:06,240 - __main__ - INFO - ok----------------22
2018-09-19 21:51:15,854 - __main__ - INFO - ok----------------23
2018-09-19 22:01:27,248 - __main__ - INFO - ok----------------24
2018-09-19 22:11:40,012 - __main__ - INFO - ok----------------25
2018-09-19 22:22:21,529 - __main__ - INFO - ok----------------26
2018-09-19 22:32:31,688 - __main__ - INFO - ok----------------27
2018-09-19 22:44:00,368 - __main__ - INFO - ok----------------28
2018-09-19 22:54:20,758 - __main__ - INFO - ok----------------29
2018-09-19 23:04:39,296 - __main__ - INFO - ok----------------30
2018-09-19 23:15:27,863 - __main__ - INFO - ok----------------31
2018-09-19 23:25:48,891 - __main__ - INFO - ok----------------32
2018-09-19 23:35:55,861 - __main__ - INFO - ok----------------33
2018-09-19 23:46:12,941 - __main__ - INFO - ok----------------34
2018-09-19 23:56:26,401 - __main__ - INFO - ok----------------35
2018-09-20 00:06:54,758 - __main__ - INFO - ok----------------36
2018-09-20 00:18:46,783 - __main__ - INFO - ok----------------37
2018-09-20 00:29:08,935 - __main__ - INFO - ok----------------38
2018-09-20 00:39:22,378 - __main__ - INFO - ok----------------39
2018-09-20 00:49:40,662 - __main__ - INFO - ok----------------40
2018-09-20 00:59:51,159 - __main__ - INFO - ok----------------41
2018-09-20 01:10:02,086 - __main__ - INFO - ok----------------42
2018-09-20 01:20:09,823 - __main__ - INFO - ok----------------43
2018-09-20 01:30:52,262 - __main__ - INFO - ok----------------44
2018-09-20 01:41:08,867 - __main__ - INFO - ok----------------45
2018-09-20 01:51:38,984 - __main__ - INFO - ok----------------46
2018-09-20 02:01:44,722 - __main__ - INFO - ok----------------47
2018-09-20 02:11:56,120 - __main__ - INFO - ok----------------48
2018-09-20 02:21:59,542 - __main__ - INFO - ok----------------49
2018-09-20 02:32:04,098 - __main__ - INFO - ok----------------50
2018-09-20 02:42:16,987 - __main__ - INFO - ok----------------51
2018-09-20 02:52:20,715 - __main__ - INFO - ok----------------52
2018-09-20 03:02:26,369 - __main__ - INFO - ok----------------53
2018-09-20 03:12:30,640 - __main__ - INFO - ok----------------54
2018-09-20 03:22:34,198 - __main__ - INFO - ok----------------55
2018-09-20 03:32:38,374 - __main__ - INFO - ok----------------56
2018-09-20 03:42:47,596 - __main__ - INFO - ok----------------57
2018-09-20 03:52:53,064 - __main__ - INFO - ok----------------58
2018-09-20 04:02:56,655 - __main__ - INFO - ok----------------59
2018-09-20 04:13:01,634 - __main__ - INFO - ok----------------60
2018-09-20 04:23:05,894 - __main__ - INFO - ok----------------61
2018-09-20 04:33:10,321 - __main__ - INFO - ok----------------62
2018-09-20 04:43:15,352 - __main__ - INFO - ok----------------63
2018-09-20 04:53:19,528 - __main__ - INFO - ok----------------64
2018-09-20 05:03:23,588 - __main__ - INFO - ok----------------65
2018-09-20 05:13:35,590 - __main__ - INFO - ok----------------66
2018-09-20 05:23:40,087 - __main__ - INFO - ok----------------67
2018-09-20 05:33:49,394 - __main__ - INFO - ok----------------68
2018-09-20 05:43:53,267 - __main__ - INFO - ok----------------69
2018-09-20 05:54:05,396 - __main__ - INFO - ok----------------70
2018-09-20 06:04:23,997 - __main__ - INFO - ok----------------71
2018-09-20 06:14:30,160 - __main__ - INFO - ok----------------72
2018-09-20 06:24:40,761 - __main__ - INFO - ok----------------73
2018-09-20 06:34:45,359 - __main__ - INFO - ok----------------74
2018-09-20 06:44:53,782 - __main__ - INFO - ok----------------75
2018-09-20 06:56:47,267 - __main__ - INFO - ok----------------76
2018-09-20 07:06:54,975 - __main__ - INFO - ok----------------77
2018-09-20 07:17:02,253 - __main__ - INFO - ok----------------78
2018-09-20 07:27:32,867 - __main__ - INFO - ok----------------79
2018-09-20 07:37:37,208 - __main__ - INFO - ok----------------80
2018-09-20 07:47:41,942 - __main__ - INFO - ok----------------81
2018-09-20 07:57:52,945 - __main__ - INFO - ok----------------82
2018-09-20 08:07:58,161 - __main__ - INFO - ok----------------83
2018-09-20 08:18:02,153 - __main__ - INFO - ok----------------84
2018-09-20 08:28:06,674 - __main__ - INFO - ok----------------85
2018-09-20 08:38:09,962 - __main__ - INFO - ok----------------86
2018-09-20 08:48:14,397 - __main__ - INFO - ok----------------87
2018-09-20 08:58:19,671 - __main__ - INFO - ok----------------88
2018-09-20 09:08:35,289 - __main__ - INFO - ok----------------89
2018-09-20 09:19:03,045 - __main__ - INFO - ok----------------90
2018-09-20 09:29:12,053 - __main__ - INFO - ok----------------91
2018-09-20 09:39:16,380 - __main__ - INFO - ok----------------92
2018-09-20 09:49:23,882 - __main__ - INFO - ok----------------93
2018-09-20 09:59:44,052 - __main__ - INFO - ok----------------94
2018-09-20 10:09:50,236 - __main__ - INFO - ok----------------95
2018-09-20 10:19:58,199 - __main__ - INFO - ok----------------96
2018-09-20 10:30:02,056 - __main__ - INFO - ok----------------97
2018-09-20 10:40:06,731 - __main__ - INFO - ok----------------98
2018-09-20 10:50:17,308 - __main__ - INFO - ok----------------99
2018-09-20 11:04:04,229 - __main__ - INFO - ok----------------100
2018-09-20 11:14:07,504 - __main__ - INFO - ok----------------101
2018-09-20 11:24:12,295 - __main__ - INFO - ok----------------102
2018-09-20 11:34:15,864 - __main__ - INFO - ok----------------103
2018-09-20 11:44:18,734 - __main__ - INFO - ok----------------104
2018-09-20 11:54:22,030 - __main__ - INFO - ok----------------105
2018-09-20 12:04:25,483 - __main__ - INFO - ok----------------106
2018-09-20 12:14:28,713 - __main__ - INFO - ok----------------107
2018-09-20 12:24:31,621 - __main__ - INFO - ok----------------108
2018-09-20 12:34:34,489 - __main__ - INFO - ok----------------109
2018-09-20 12:45:00,856 - __main__ - INFO - ok----------------110
2018-09-20 12:55:03,994 - __main__ - INFO - ok----------------111
2018-09-20 13:05:06,998 - __main__ - INFO - ok----------------112
2018-09-20 13:15:15,784 - __main__ - INFO - ok----------------113
2018-09-20 13:25:18,903 - __main__ - INFO - ok----------------114
2018-09-20 13:35:22,500 - __main__ - INFO - ok----------------115
2018-09-20 13:45:32,796 - __main__ - INFO - ok----------------116
2018-09-20 13:55:56,917 - __main__ - INFO - ok----------------117
2018-09-20 14:06:00,299 - __main__ - INFO - ok----------------118
2018-09-20 14:16:04,118 - __main__ - INFO - ok----------------119
2018-09-20 14:26:06,996 - __main__ - INFO - ok----------------120
2018-09-20 14:36:10,704 - __main__ - INFO - ok----------------121
2018-09-20 14:46:16,565 - __main__ - INFO - ok----------------122
2018-09-20 14:56:20,197 - __main__ - INFO - ok----------------123
2018-09-20 15:06:33,233 - __main__ - INFO - ok----------------124
2018-09-20 15:16:37,141 - __main__ - INFO - ok----------------125
2018-09-20 15:26:40,520 - __main__ - INFO - ok----------------126
2018-09-20 15:36:44,220 - __main__ - INFO - ok----------------127
2018-09-20 15:46:47,416 - __main__ - INFO - ok----------------128
2018-09-20 15:56:54,575 - __main__ - INFO - ok----------------129
2018-09-20 16:06:58,578 - __main__ - INFO - ok----------------130
2018-09-20 16:17:01,815 - __main__ - INFO - ok----------------131
2018-09-20 16:27:05,119 - __main__ - INFO - ok----------------132
2018-09-20 16:37:09,031 - __main__ - INFO - ok----------------133
2018-09-20 16:47:12,732 - __main__ - INFO - ok----------------134
2018-09-20 16:57:26,732 - Utils.log_utils - WARNING - Traceback (most recent call last):
  File "F:\scribe2\Client\venv\lib\site-packages\urllib3\connectionpool.py", line 343, in _make_request
    self._validate_conn(conn)
  File "F:\scribe2\Client\venv\lib\site-packages\urllib3\connectionpool.py", line 849, in _validate_conn
    conn.connect()
  File "F:\scribe2\Client\venv\lib\site-packages\urllib3\connection.py", line 356, in connect
    ssl_context=context)
  File "F:\scribe2\Client\venv\lib\site-packages\urllib3\util\ssl_.py", line 359, in ssl_wrap_socket
    return context.wrap_socket(sock, server_hostname=server_hostname)
  File "C:\Users\Administrator\AppData\Local\Programs\Python\Python36\lib\ssl.py", line 407, in wrap_socket
    _context=self, _session=session)
  File "C:\Users\Administrator\AppData\Local\Programs\Python\Python36\lib\ssl.py", line 814, in __init__
    self.do_handshake()
  File "C:\Users\Administrator\AppData\Local\Programs\Python\Python36\lib\ssl.py", line 1068, in do_handshake
    self._sslobj.do_handshake()
  File "C:\Users\Administrator\AppData\Local\Programs\Python\Python36\lib\ssl.py", line 689, in do_handshake
    self._sslobj.do_handshake()
socket.timeout: _ssl.c:761: The handshake operation timed out

During handling of the above exception, another exception occurred:

Traceback (most recent call last):
  File "F:\scribe2\Client\venv\lib\site-packages\requests\adapters.py", line 445, in send
    timeout=timeout
  File "F:\scribe2\Client\venv\lib\site-packages\urllib3\connectionpool.py", line 638, in urlopen
    _stacktrace=sys.exc_info()[2])
  File "F:\scribe2\Client\venv\lib\site-packages\urllib3\util\retry.py", line 367, in increment
    raise six.reraise(type(error), error, _stacktrace)
  File "F:\scribe2\Client\venv\lib\site-packages\urllib3\packages\six.py", line 686, in reraise
    raise value
  File "F:\scribe2\Client\venv\lib\site-packages\urllib3\connectionpool.py", line 600, in urlopen
    chunked=chunked)
  File "F:\scribe2\Client\venv\lib\site-packages\urllib3\connectionpool.py", line 346, in _make_request
    self._raise_timeout(err=e, url=url, timeout_value=conn.timeout)
  File "F:\scribe2\Client\venv\lib\site-packages\urllib3\connectionpool.py", line 306, in _raise_timeout
    raise ReadTimeoutError(self, url, "Read timed out. (read timeout=%s)" % timeout_value)
urllib3.exceptions.ReadTimeoutError: SOCKSHTTPSConnectionPool(host='www.google.com', port=443): Read timed out. (read timeout=10)

During handling of the above exception, another exception occurred:

Traceback (most recent call last):
  File "F:/scribe2/Client\Service\ProxyService.py", line 94, in test_ok
    timeout=10)
  File "F:\scribe2\Client\venv\lib\site-packages\requests\api.py", line 72, in get
    return request('get', url, params=params, **kwargs)
  File "F:\scribe2\Client\venv\lib\site-packages\requests\api.py", line 58, in request
    return session.request(method=method, url=url, **kwargs)
  File "F:\scribe2\Client\venv\lib\site-packages\requests\sessions.py", line 512, in request
    resp = self.send(prep, **send_kwargs)
  File "F:\scribe2\Client\venv\lib\site-packages\requests\sessions.py", line 622, in send
    r = adapter.send(request, **kwargs)
  File "F:\scribe2\Client\venv\lib\site-packages\requests\adapters.py", line 526, in send
    raise ReadTimeout(e, request=request)
requests.exceptions.ReadTimeout: SOCKSHTTPSConnectionPool(host='www.google.com', port=443): Read timed out. (read timeout=10)

2018-09-20 16:58:01,724 - __main__ - INFO - ok----------------135
2018-09-20 17:08:05,497 - __main__ - INFO - ok----------------136
2018-09-20 17:18:08,548 - __main__ - INFO - ok----------------137
2018-09-20 17:28:14,146 - __main__ - INFO - ok----------------138
2018-09-20 17:38:18,803 - __main__ - INFO - ok----------------139
2018-09-20 17:48:26,057 - __main__ - INFO - ok----------------140
2018-09-20 17:58:28,940 - __main__ - INFO - ok----------------141
2018-09-20 18:08:43,998 - __main__ - INFO - ok----------------142
2018-09-20 18:18:49,122 - __main__ - INFO - ok----------------143
2018-09-20 18:29:02,200 - __main__ - INFO - ok----------------144
2018-09-20 18:39:05,172 - __main__ - INFO - ok----------------145
2018-09-20 18:49:08,119 - __main__ - INFO - ok----------------146
2018-09-20 18:59:11,827 - __main__ - INFO - ok----------------147
2018-09-20 19:09:20,766 - __main__ - INFO - ok----------------148
2018-09-20 19:19:24,788 - __main__ - INFO - ok----------------149
2018-09-20 19:29:27,683 - __main__ - INFO - ok----------------150
2018-09-20 19:39:31,275 - __main__ - INFO - ok----------------151
2018-09-20 19:49:40,734 - __main__ - INFO - ok----------------152
2018-09-20 20:00:01,447 - __main__ - INFO - ok----------------153
2018-09-20 20:10:04,820 - __main__ - INFO - ok----------------154
2018-09-20 20:20:13,840 - __main__ - INFO - ok----------------155
2018-09-20 20:30:32,558 - __main__ - INFO - ok----------------156
2018-09-20 20:40:35,837 - __main__ - INFO - ok----------------157
2018-09-20 20:50:39,848 - __main__ - INFO - ok----------------158
2018-09-20 21:00:49,037 - __main__ - INFO - ok----------------159
2018-09-20 21:10:52,838 - __main__ - INFO - ok----------------160
2018-09-20 21:20:58,137 - __main__ - INFO - ok----------------161
2018-09-20 21:31:03,783 - __main__ - INFO - ok----------------162
2018-09-20 21:41:13,644 - __main__ - INFO - ok----------------163
2018-09-20 21:51:24,464 - __main__ - INFO - ok----------------164
2018-09-20 22:01:28,835 - __main__ - INFO - ok----------------165
2018-09-20 22:11:37,741 - __main__ - INFO - ok----------------166
2018-09-20 22:23:50,516 - __main__ - INFO - ok----------------167
2018-09-20 22:33:54,700 - __main__ - INFO - ok----------------168
2018-09-20 22:43:58,845 - __main__ - INFO - ok----------------169
2018-09-20 22:54:03,456 - __main__ - INFO - ok----------------170
2018-09-20 23:04:10,030 - __main__ - INFO - ok----------------171
2018-09-20 23:14:17,249 - __main__ - INFO - ok----------------172
2018-09-20 23:24:23,054 - __main__ - INFO - ok----------------173
2018-09-20 23:34:27,019 - __main__ - INFO - ok----------------174
2018-09-20 23:44:31,486 - __main__ - INFO - ok----------------175
2018-09-20 23:54:35,456 - __main__ - INFO - ok----------------176
2018-09-21 00:04:39,063 - __main__ - INFO - ok----------------177
2018-09-21 00:14:44,035 - __main__ - INFO - ok----------------178
2018-09-21 00:24:47,865 - __main__ - INFO - ok----------------179
2018-09-21 00:34:51,859 - __main__ - INFO - ok----------------180
2018-09-21 00:44:55,358 - __main__ - INFO - ok----------------181
2018-09-21 00:54:58,730 - __main__ - INFO - ok----------------182
2018-09-21 01:05:02,253 - __main__ - INFO - ok----------------183
2018-09-21 01:15:10,651 - __main__ - INFO - ok----------------184
2018-09-21 01:25:16,462 - __main__ - INFO - ok----------------185
2018-09-21 01:35:23,607 - __main__ - INFO - ok----------------186
2018-09-21 01:45:30,125 - __main__ - INFO - ok----------------187
2018-09-21 01:55:34,121 - __main__ - INFO - ok----------------188
2018-09-21 02:05:37,408 - __main__ - INFO - ok----------------189
2018-09-21 02:15:42,644 - __main__ - INFO - ok----------------190
2018-09-21 02:25:49,451 - __main__ - INFO - ok----------------191
2018-09-21 02:35:54,581 - __main__ - INFO - ok----------------192
2018-09-21 02:46:02,506 - __main__ - INFO - ok----------------193
2018-09-21 02:56:05,907 - __main__ - INFO - ok----------------194
2018-09-21 03:06:09,034 - __main__ - INFO - ok----------------195
2018-09-21 03:16:17,774 - __main__ - INFO - ok----------------196
2018-09-21 03:26:21,564 - __main__ - INFO - ok----------------197
2018-09-21 03:36:39,847 - __main__ - INFO - ok----------------198
2018-09-21 03:46:43,208 - __main__ - INFO - ok----------------199
2018-09-21 03:56:46,477 - __main__ - INFO - ok----------------200
2018-09-21 04:06:49,993 - __main__ - INFO - ok----------------201
2018-09-21 04:16:53,225 - __main__ - INFO - ok----------------202
2018-09-21 04:26:57,885 - __main__ - INFO - ok----------------203
2018-09-21 04:37:01,941 - __main__ - INFO - ok----------------204
2018-09-21 04:47:10,817 - __main__ - INFO - ok----------------205
2018-09-21 04:57:15,564 - __main__ - INFO - ok----------------206
2018-09-21 05:07:18,850 - __main__ - INFO - ok----------------207
2018-09-21 05:17:22,646 - __main__ - INFO - ok----------------208
2018-09-21 05:27:28,500 - __main__ - INFO - ok----------------209
2018-09-21 05:37:32,003 - __main__ - INFO - ok----------------210
2018-09-21 05:47:36,023 - __main__ - INFO - ok----------------211
2018-09-21 05:57:41,134 - __main__ - INFO - ok----------------212
2018-09-21 06:07:49,194 - __main__ - INFO - ok----------------213
2018-09-21 06:17:52,985 - __main__ - INFO - ok----------------214
2018-09-21 06:27:58,474 - __main__ - INFO - ok----------------215
2018-09-21 06:38:03,589 - __main__ - INFO - ok----------------216
2018-09-21 06:48:07,660 - __main__ - INFO - ok----------------217
2018-09-21 06:58:10,713 - __main__ - INFO - ok----------------218
2018-09-21 07:08:13,609 - __main__ - INFO - ok----------------219
2018-09-21 07:18:18,159 - __main__ - INFO - ok----------------220
2018-09-21 07:28:21,326 - __main__ - INFO - ok----------------221
2018-09-21 07:38:26,271 - __main__ - INFO - ok----------------222
2018-09-21 07:48:29,165 - __main__ - INFO - ok----------------223
2018-09-21 07:58:32,220 - __main__ - INFO - ok----------------224
2018-09-21 08:08:35,295 - __main__ - INFO - ok----------------225
2018-09-21 08:18:38,831 - __main__ - INFO - ok----------------226
2018-09-21 08:28:41,925 - __main__ - INFO - ok----------------227
2018-09-21 08:38:45,001 - __main__ - INFO - ok----------------228
2018-09-21 08:48:50,100 - __main__ - INFO - ok----------------229
2018-09-21 08:58:56,403 - __main__ - INFO - ok----------------230
2018-09-21 09:08:59,963 - __main__ - INFO - ok----------------231
2018-09-21 09:20:01,528 - __main__ - INFO - ok----------------232
2018-09-21 09:30:14,399 - __main__ - INFO - ok----------------233
2018-09-21 09:40:19,663 - __main__ - INFO - ok----------------234
2018-09-21 09:50:23,928 - __main__ - INFO - ok----------------235
2018-09-21 10:00:30,483 - __main__ - INFO - ok----------------236
2018-09-21 10:10:35,048 - __main__ - INFO - ok----------------237
2018-09-21 10:20:39,120 - __main__ - INFO - ok----------------238
2018-09-21 10:30:43,912 - __main__ - INFO - ok----------------239
2018-09-21 10:40:48,584 - __main__ - INFO - ok----------------240
2018-09-21 10:50:54,994 - __main__ - INFO - ok----------------241
2018-09-21 11:01:00,189 - __main__ - INFO - ok----------------242
2018-09-21 11:11:04,309 - __main__ - INFO - ok----------------243
2018-09-21 11:21:08,286 - __main__ - INFO - ok----------------244
2018-09-21 11:31:14,316 - __main__ - INFO - ok----------------245
2018-09-21 11:41:21,692 - __main__ - INFO - ok----------------246
2018-09-21 11:51:25,835 - __main__ - INFO - ok----------------247
2018-09-21 12:01:31,234 - __main__ - INFO - ok----------------248
2018-09-21 12:11:47,238 - __main__ - INFO - ok----------------249
2018-09-21 12:21:51,682 - __main__ - INFO - ok----------------250
2018-09-21 12:31:55,646 - __main__ - INFO - ok----------------251
2018-09-21 12:41:59,624 - __main__ - INFO - ok----------------252
2018-09-21 12:52:03,602 - __main__ - INFO - ok----------------253
2018-09-21 13:02:07,545 - __main__ - INFO - ok----------------254
2018-09-21 13:12:11,527 - __main__ - INFO - ok----------------255
2018-09-21 13:22:16,607 - __main__ - INFO - ok----------------256
2018-09-21 13:32:20,600 - __main__ - INFO - ok----------------257
2018-09-21 13:42:24,795 - __main__ - INFO - ok----------------258
2018-09-21 13:52:34,388 - __main__ - INFO - ok----------------259
2018-09-21 14:02:39,905 - __main__ - INFO - ok----------------260
2018-09-21 14:12:44,178 - __main__ - INFO - ok----------------261
2018-09-21 14:23:09,680 - __main__ - INFO - ok----------------262
2018-09-21 14:33:14,524 - __main__ - INFO - ok----------------263
2018-09-21 14:43:20,376 - __main__ - INFO - ok----------------264
2018-09-21 14:53:24,712 - __main__ - INFO - ok----------------265
2018-09-21 15:03:28,654 - __main__ - INFO - ok----------------266
2018-09-21 15:13:45,070 - __main__ - INFO - ok----------------267
2018-09-21 15:23:52,260 - __main__ - INFO - ok----------------268
2018-09-21 15:33:56,846 - __main__ - INFO - ok----------------269
2018-09-21 15:44:05,709 - __main__ - INFO - ok----------------270
2018-09-21 15:54:11,923 - __main__ - INFO - ok----------------271
2018-09-21 16:04:18,040 - __main__ - INFO - ok----------------272
2018-09-21 16:14:23,739 - __main__ - INFO - ok----------------273
2018-09-21 16:24:29,875 - __main__ - INFO - ok----------------274
2018-09-21 16:34:42,363 - __main__ - INFO - ok----------------275
2018-09-21 16:44:46,348 - __main__ - INFO - ok----------------276
2018-09-21 16:55:27,929 - __main__ - INFO - ok----------------277
2018-09-21 17:05:31,256 - __main__ - INFO - ok----------------278
2018-09-21 17:15:35,938 - __main__ - INFO - ok----------------279
2018-09-21 17:25:43,326 - __main__ - INFO - ok----------------280
2018-09-21 17:35:46,297 - __main__ - INFO - ok----------------281
2018-09-21 17:45:50,843 - __main__ - INFO - ok----------------282
2018-09-21 17:55:54,172 - __main__ - INFO - ok----------------283
